[backblue.gif]
[fade.gif]
[index.html]
[mahindraimages.dealersites.in/134/favicon.png]
[www.shivamahindra.in/index.html]
[www.shivamahindra.in/themes/mahindra-rise/image/mahindra-logo.png]
[stimg.cardekho.com/images/carexteriorimages/320x224/Mahindra/XUV300/7239/1597229464960/front-left-side-47.jpg]
[stimg.cardekho.com/images/carexteriorimages/320x224/Mahindra/Alturas-G4/7795/1591247461677/front-left-side-47.jpg]
[stimg.cardekho.com/images/carexteriorimages/320x224/Mahindra/XUV500/7798/1588161480616/front-left-side-47.jpg]
[stimg.cardekho.com/images/carexteriorimages/320x224/Mahindra/KUV100-NXT/7789/1587710501104/front-left-side-47.jpg]
[www.shivamahindra.in/themes/mahindra-rise/image/mrise-mobi.jpg]
[www.shivamahindra.in/themes/mahindra-rise/image/about_img.jpg]
[www.shivamahindra.in/themes/mahindra-rise/image/transparent.png]
[www.shivamahindra.in/themes/mahindra-rise/image/avtar.png]
[www.shivamahindra.in/themes/mahindra-rise/image/clicktocall.png]
[www.shivamahindra.in/themes/mahindra-rise/image/callclose.png]
[www.shivamahindra.in/themes/mahindra-rise/image/calling-icon.png]
[static.girnarsoft.com/js/3366e4fd52016a6390e10f6b725133a1e81dd6bb.js]
[www.shivamahindra.in/assets-theme/js/form9e03.js]
[www.shivamahindra.in/assets-theme/js/youtube491b.js]
[www.shivamahindra.in/assets-theme/js/mahindrariseff74.js]
[static.girnarsoft.com/css/9c70a4a42bcdfaf818f9fa17f83119f96a3cac98.css]
[www.shivamahindra.in/themes/mahindra-rise/fonts/EurostileLTStd.eot]
[www.shivamahindra.in/themes/mahindra-rise/fonts/EurostileLTStd.woff2]
[www.shivamahindra.in/themes/mahindra-rise/fonts/EurostileLTStd.woff]
[www.shivamahindra.in/themes/mahindra-rise/fonts/EurostileLTStd.ttf]
[www.shivamahindra.in/themes/mahindra-rise/fonts/EurostileLTStdBold.eot]
[www.shivamahindra.in/themes/mahindra-rise/fonts/EurostileLTStdBold.woff2]
[www.shivamahindra.in/themes/mahindra-rise/css/globalbb35.css]
[www.shivamahindra.in/themes/mahindra-rise/fonts/EurostileLTStdBold.woff]
[www.shivamahindra.in/themes/mahindra-rise/fonts/EurostileLTStdBold.ttf]
[www.shivamahindra.in/themes/mahindra-rise/fonts/cheddar_jack-webfont.woff2]
[www.shivamahindra.in/themes/mahindra-rise/css/redbb35.css]
[www.shivamahindra.in/themes/mahindra-rise/fonts/cheddar_jack-webfont.woff]
[www.shivamahindra.in/themes/mahindra-rise/fonts/montserrat-regular-webfont.eot]
[www.shivamahindra.in/themes/mahindra-rise/fonts/montserrat-regular-webfontd41d.eot]
[www.shivamahindra.in/themes/mahindra-rise/fonts/montserrat-regular-webfont.woff2]
[www.shivamahindra.in/themes/mahindra-rise/css/mediabb35.css]
[www.shivamahindra.in/themes/mahindra-rise/fonts/montserrat-regular-webfont.woff]
[www.shivamahindra.in/themes/mahindra-rise/fonts/montserrat-regular-webfont.ttf]
[www.shivamahindra.in/themes/mahindra-rise/fonts/girnar_rupee.eot]
[www.shivamahindra.in/themes/mahindra-rise/css/pagebb35.css]
[www.shivamahindra.in/themes/mahindra-rise/fonts/girnar_rupeed41d.eot]
[www.shivamahindra.in/themes/mahindra-rise/fonts/girnar_rupee.woff]
[www.shivamahindra.in/themes/mahindra-rise/fonts/girnar_rupee.ttf]
[www.shivamahindra.in/themes/mahindra-rise/image/br_downhover.png]
[www.shivamahindra.in/themes/mahindra-rise/css/jquery.mCustomScrollbarbb35.css]
[www.shivamahindra.in/themes/mahindra-rise/image/br_uparrow.png]
[www.shivamahindra.in/themes/mahindra-rise/image/testibg.png]
[www.shivamahindra.in/css/commonbb35.css]
[www.shivamahindra.in/themes/mahindra-rise/image/outlet-star1.png]
[www.shivamahindra.in/themes/mahindra-rise/image/outlet-star2.png]
[www.shivamahindra.in/themes/mahindra-rise/image/outlet-star3.png]
[www.shivamahindra.in/themes/mahindra-rise/image/ytubeicon2.png]
[www.shivamahindra.in/css/ftcbb35.css]
[www.shivamahindra.in/themes/mahindra-rise/image/ftrbg.jpg]
[www.shivamahindra.in/themes/mahindra-rise/image/newfooter-sprite.png]
[www.shivamahindra.in/themes/mahindra-rise/image/icon-ques.png]
[www.shivamahindra.in/themes/mahindra-rise/image/br_down.png]
[www.googletagmanager.com/gtm5445.html]
[www.shivamahindra.in/themes/mahindra-rise/image/newuseddetail-sprite.png]
[www.shivamahindra.in/themes/mahindra-rise/image/sprite.png]
[www.shivamahindra.in/phone-popup.html]
[www.shivamahindra.in/themes/mahindra-rise/image/logo-bg-shape.png]
[www.shivamahindra.in/themes/mahindra-rise/image/bookservicebg.jpg]
[www.shivamahindra.in/themes/mahindra-rise/image/financebg.jpg]
[www.shivamahindra.in/new-cars/mahindra-xuv300.html]
[www.shivamahindra.in/new-cars/mahindra-alturas-g4.html]
[www.shivamahindra.in/new-cars/mahindra-xuv500.html]
[www.shivamahindra.in/new-cars/mahindra-kuv100-nxt.html]
[www.shivamahindra.in/new-cars.html]
[stimg.cardekho.com/images/carexteriorimages/630x420/Mahindra/XUV300/7239/1597229464960/front-left-side-47.jpg]
[stimg.cardekho.com/images/carexteriorimages/630x420/Mahindra/Alturas-G4/7795/1591247461677/front-left-side-47.jpg]
[stimg.cardekho.com/images/carexteriorimages/630x420/Mahindra/XUV500/7798/1588161480616/front-left-side-47.jpg]
[stimg.cardekho.com/images/carexteriorimages/630x420/Mahindra/KUV100-NXT/7789/1587710501104/front-left-side-47.jpg]
[stimg.cardekho.com/images/carexteriorimages/630x420/Mahindra/Scorpio/7767/1592459774750/front-left-side-47.jpg]
[stimg.cardekho.com/images/carexteriorimages/630x420/Mahindra/Bolero/7718/1585205722972/front-left-side-47.jpg]
[www.gstatic.com/charts/loader.js]
[www.shivamahindra.in/finance.html]
[www.shivamahindra.in/themes/mahindra-rise/js/jquery-ui.minbb35.js]
[www.shivamahindra.in/js/emicalculatorbb35.js]
[www.shivamahindra.in/insurance.html]
[www.shivamahindra.in/assets-theme/js/jqueryui5ff5.js]
[www.shivamahindra.in/bringshowroomhome.html]
[mahindraimages.dealersites.in/2/uploads/15789671.jpg]
[www.shivamahindra.in/booktestdrive.html]
[www.shivamahindra.in/book-service.html]
[www.shivamahindra.in/outlet.html]
[www.shivamahindra.in/assets-theme/js/googlemap482a.js]
[www.shivamahindra.in/about-us.html]
[mahindraimages.dealersites.in/134/uploads/875276007.jpg]
[www.shivamahindra.in/mahindra-alturas.html]
[www.shivamahindra.in/mahindra-xuv-300.html]
[mahindraimages.dealersites.in/134/uploads/10416351.jpg]
[mahindraimages.dealersites.in/134/uploads/1243019519.jpg]
[www.shivamahindra.in/mahindraxuv500.html]
[mahindraimages.dealersites.in/134/uploads/166300225.jpg]
[www.shivamahindra.in/mahindra-KUV.html]
[mahindraimages.dealersites.in/134/uploads/513569582.jpg]
[www.shivamahindra.in/TUV-300.html]
[mahindraimages.dealersites.in/134/uploads/1320362461.jpg]
[www.shivamahindra.in/upload-resume.html]
[www.shivamahindra.in/new-cars/mahindra-scorpio.html]
[www.shivamahindra.in/contact-us.html]
[www.shivamahindra.in/videos.html]
[www.shivamahindra.in/testimonial.html]
[www.shivamahindra.in/themes/mahindra-rise/image/tstimg.jpg]
[www.shivamahindra.in/outlet/showroom.html]
[www.shivamahindra.in/outlet/workshop.html]
[www.shivamahindra.in/new-cars/mahindra-bolero.html]
[www.shivamahindra.in/gallery.html]
[www.shivamahindra.in/terms-and-conditions.html]
[www.shivamahindra.in/privacy.html]
[www.shivamahindra.in/disclaimer.html]
[www.shivamahindra.in/sitemap.html]
[static.girnarsoft.com/resources/gs_ta-arrow.html]
[www.shivamahindra.in/themes/mahindra-rise/css/AjaxLoader.html]
[www.shivamahindra.in/themes/mahindra-rise/fonts/EurostileLTStd.html]
[www.shivamahindra.in/themes/mahindra-rise/fonts/EurostileLTStdBold.html]
[www.shivamahindra.in/themes/mahindra-rise/fonts/montserrat-regular-webfont.svg]
[www.shivamahindra.in/themes/mahindra-rise/css/images/ui-bg_flat_75_ffffff_40x100.html]
[www.shivamahindra.in/themes/mahindra-rise/image/outlet-popclose.html]
[www.shivamahindra.in/themes/mahindra-rise/image/sof-close.html]
[www.shivamahindra.in/themes/mahindra-rise/image/sof-close-white.html]
[www.shivamahindra.in/themes/mahindra-rise/css/mCSB_buttons.html]
[www.shivamahindra.in/new-cars/mahindra-xuv300/price-in-new-delhi.html]
[stimg.cardekho.com/images/carexteriorimages/large/Mahindra/XUV300/7239/1597229464960/front-left-side-47.jpg]
[img.gaadicdn.com/images/carexteriorimages/930x620/Mahindra/XUV300/7239/1579262224275/front-view-118.jpg]
[img.gaadicdn.com/images/carexteriorimages/large/Mahindra/XUV300/7239/1579262224275/front-view-118.jpg]
[img.gaadicdn.com/images/carexteriorimages/930x620/Mahindra/XUV300/7239/1597229464960/front-left-side-47.jpg]
[img.gaadicdn.com/images/carexteriorimages/large/Mahindra/XUV300/7239/1597229464960/front-left-side-47.jpg]
[img.gaadicdn.com/images/carexteriorimages/930x620/Mahindra/XUV300/7242/1597229071487/front-left-side-47.jpg]
[img.gaadicdn.com/images/carexteriorimages/large/Mahindra/XUV300/7242/1597229071487/front-left-side-47.jpg]
[img.gaadicdn.com/images/carexteriorimages/930x620/Mahindra/XUV300/7239/1579262224275/side-view-(left)-90.jpg]
[img.gaadicdn.com/images/carexteriorimages/large/Mahindra/XUV300/7239/1579262224275/side-view-(left)-90.jpg]
[img.gaadicdn.com/images/carexteriorimages/930x620/Mahindra/XUV300/7239/1579262224275/rear-left-view-121.jpg]
[img.gaadicdn.com/images/carexteriorimages/large/Mahindra/XUV300/7239/1579262224275/rear-left-view-121.jpg]
[img.gaadicdn.com/images/carinteriorimages/930x620/Mahindra/XUV300/7239/1579261933591/glovebox-(closed)-129.jpg]
[img.gaadicdn.com/images/carexteriorimages/930x620/Mahindra/XUV300/7239/1579262224275/rear-view-119.jpg]
[img.gaadicdn.com/images/carexteriorimages/large/Mahindra/XUV300/7239/1579262224275/rear-view-119.jpg]
[img.gaadicdn.com/images/carexteriorimages/930x620/Mahindra/XUV300/7239/1579262224275/rear-right-side-48.jpg]
[img.gaadicdn.com/images/carexteriorimages/large/Mahindra/XUV300/7239/1579262224275/rear-right-side-48.jpg]
[img.gaadicdn.com/images/carexteriorimages/930x620/Mahindra/XUV300/7239/1579262224275/side-view-(right)-38.jpg]
[img.gaadicdn.com/images/carexteriorimages/large/Mahindra/XUV300/7239/1579262224275/side-view-(right)-38.jpg]
[img.gaadicdn.com/images/carexteriorimages/930x620/Mahindra/XUV300/7239/1579262224275/headlight-43.jpg]
[img.gaadicdn.com/images/carinteriorimages/930x620/Mahindra/XUV300/7239/1579261933591/gear-shifter-87.jpg]
[img.gaadicdn.com/images/carexteriorimages/large/Mahindra/XUV300/7239/1579262224275/headlight-43.jpg]
[img.gaadicdn.com/images/carexteriorimages/930x620/Mahindra/XUV300/7239/1579262224275/taillight-44.jpg]
[img.gaadicdn.com/images/carexteriorimages/large/Mahindra/XUV300/7239/1579262224275/taillight-44.jpg]
[img.gaadicdn.com/images/carexteriorimages/930x620/Mahindra/XUV300/7239/1579262224275/wheel-42.jpg]
[img.gaadicdn.com/images/carexteriorimages/large/Mahindra/XUV300/7239/1579262224275/wheel-42.jpg]
[img.gaadicdn.com/images/carexteriorimages/930x620/Mahindra/XUV300/7239/1579261874229/front-fog-lamp-41.jpg]
[img.gaadicdn.com/images/carexteriorimages/large/Mahindra/XUV300/7239/1579261874229/front-fog-lamp-41.jpg]
[img.gaadicdn.com/images/carexteriorimages/930x620/Mahindra/XUV300/7239/1579262224275/roof-rails-124.jpg]
[img.gaadicdn.com/images/carexteriorimages/large/Mahindra/XUV300/7239/1579262224275/roof-rails-124.jpg]
[img.gaadicdn.com/images/carexteriorimages/930x620/Mahindra/XUV300/7239/1579262224275/door-handle-45.jpg]
[img.gaadicdn.com/images/carexteriorimages/large/Mahindra/XUV300/7239/1579262224275/door-handle-45.jpg]
[img.gaadicdn.com/images/carexteriorimages/930x620/Mahindra/XUV300/7239/1579262224275/grille-97.jpg]
[img.gaadicdn.com/images/carexteriorimages/large/Mahindra/XUV300/7239/1579262224275/grille-97.jpg]
[img.gaadicdn.com/images/carexteriorimages/930x620/Mahindra/XUV300/7239/1579261874229/front-grill---logo-98.jpg]
[img.gaadicdn.com/images/carexteriorimages/large/Mahindra/XUV300/7239/1579261874229/front-grill---logo-98.jpg]
[img.gaadicdn.com/images/carexteriorimages/930x620/Mahindra/XUV300/7239/1579262224275/side-mirror-(body)-93.jpg]
[img.gaadicdn.com/images/carexteriorimages/large/Mahindra/XUV300/7239/1579262224275/side-mirror-(body)-93.jpg]
[img.gaadicdn.com/images/carexteriorimages/930x620/Mahindra/XUV300/7239/1579261874229/side-mirror-(glass)-92.jpg]
[img.gaadicdn.com/images/carexteriorimages/large/Mahindra/XUV300/7239/1579261874229/side-mirror-(glass)-92.jpg]
[img.gaadicdn.com/images/carexteriorimages/930x620/Mahindra/XUV300/7239/1579261874229/exhaust-pipe-76.jpg]
[img.gaadicdn.com/images/carexteriorimages/large/Mahindra/XUV300/7239/1579261874229/exhaust-pipe-76.jpg]
[img.gaadicdn.com/images/carexteriorimages/930x620/Mahindra/XUV300/7239/1579262224275/antenna-80.jpg]
[img.gaadicdn.com/images/carexteriorimages/large/Mahindra/XUV300/7239/1579262224275/antenna-80.jpg]
[img.gaadicdn.com/images/carexteriorimages/930x620/Mahindra/XUV300/7239/1579262224275/gas-cap-(open)-77.jpg]
[img.gaadicdn.com/images/carexteriorimages/large/Mahindra/XUV300/7239/1579262224275/gas-cap-(open)-77.jpg]
[img.gaadicdn.com/images/carexteriorimages/930x620/Mahindra/XUV300/7239/1579262224275/front-wiper-96.jpg]
[img.gaadicdn.com/images/carexteriorimages/large/Mahindra/XUV300/7239/1579262224275/front-wiper-96.jpg]
[img.gaadicdn.com/images/carexteriorimages/930x620/Mahindra/XUV300/7242/1597229071487/exterior-image-170.jpg]
[img.gaadicdn.com/images/carexteriorimages/large/Mahindra/XUV300/7242/1597229071487/exterior-image-170.jpg]
[img.gaadicdn.com/images/carexteriorimages/930x620/Mahindra/XUV300/7242/1597229071487/exterior-image-180.jpg]
[img.gaadicdn.com/images/carexteriorimages/large/Mahindra/XUV300/7242/1597229071487/exterior-image-180.jpg]
[img.gaadicdn.com/images/carinteriorimages/930x620/Mahindra/XUV300/7239/1579261933591/dashboard-59.jpg]
[img.gaadicdn.com/images/carinteriorimages/large/Mahindra/XUV300/7239/1579261933591/dashboard-59.jpg]
[img.gaadicdn.com/images/carinteriorimages/930x620/Mahindra/XUV300/7239/1579261933591/center-console-55.jpg]
[img.gaadicdn.com/images/carinteriorimages/large/Mahindra/XUV300/7239/1579261933591/center-console-55.jpg]
[img.gaadicdn.com/images/carinteriorimages/930x620/Mahindra/XUV300/7239/1579261933591/ac-controls-151.jpg]
[img.gaadicdn.com/images/carinteriorimages/large/Mahindra/XUV300/7239/1579261933591/ac-controls-151.jpg]
[img.gaadicdn.com/images/carinteriorimages/930x620/Mahindra/XUV300/7239/1579261933591/front-air-vents-144.jpg]
[img.gaadicdn.com/images/carinteriorimages/large/Mahindra/XUV300/7239/1579261933591/front-air-vents-144.jpg]
[img.gaadicdn.com/images/carinteriorimages/930x620/Mahindra/XUV300/7239/1579261933591/steering-wheel-54.jpg]
[img.gaadicdn.com/images/carinteriorimages/large/Mahindra/XUV300/7239/1579261933591/steering-wheel-54.jpg]
[img.gaadicdn.com/images/carinteriorimages/930x620/Mahindra/XUV300/7239/1579261933591/instrument-cluster-62.jpg]
[img.gaadicdn.com/images/carinteriorimages/large/Mahindra/XUV300/7239/1579261933591/instrument-cluster-62.jpg]
[img.gaadicdn.com/images/carinteriorimages/930x620/Mahindra/XUV300/7239/1579261933591/steering-controls-138.jpg]
[img.gaadicdn.com/images/carinteriorimages/large/Mahindra/XUV300/7239/1579261933591/steering-controls-138.jpg]
[img.gaadicdn.com/images/carinteriorimages/930x620/Mahindra/XUV300/7239/1597229544968/airbags-94.jpg]
[img.gaadicdn.com/images/carinteriorimages/large/Mahindra/XUV300/7239/1597229544968/airbags-94.jpg]
[img.gaadicdn.com/images/carinteriorimages/930x620/Mahindra/XUV300/7242/1597228632663/airbags-94.jpg]
[img.gaadicdn.com/images/carinteriorimages/large/Mahindra/XUV300/7242/1597228632663/airbags-94.jpg]
[img.gaadicdn.com/images/carinteriorimages/large/Mahindra/XUV300/7239/1579261933591/glovebox-(closed)-129.jpg]
[img.gaadicdn.com/images/carinteriorimages/large/Mahindra/XUV300/7239/1579261933591/gear-shifter-87.jpg]
[img.gaadicdn.com/images/carinteriorimages/930x620/Mahindra/XUV300/7239/1597229544968/interior-image-215.jpg]
[img.gaadicdn.com/images/carinteriorimages/large/Mahindra/XUV300/7239/1597229544968/interior-image-215.jpg]
[img.gaadicdn.com/images/carinteriorimages/930x620/Mahindra/XUV300/7239/1597229544968/interior-image-214.jpg]
[img.gaadicdn.com/images/carinteriorimages/large/Mahindra/XUV300/7239/1597229544968/interior-image-214.jpg]
[img.gaadicdn.com/images/carinteriorimages/930x620/Mahindra/XUV300/7239/1597229544968/interior-image-213.jpg]
[img.gaadicdn.com/images/carinteriorimages/large/Mahindra/XUV300/7239/1597229544968/interior-image-213.jpg]
[img.gaadicdn.com/images/carinteriorimages/930x620/Mahindra/XUV300/7239/1597229544968/rear-seats-with-arm-rest-193.jpg]
[img.gaadicdn.com/images/carinteriorimages/large/Mahindra/XUV300/7239/1597229544968/rear-seats-with-arm-rest-193.jpg]
[img.gaadicdn.com/images/carinteriorimages/930x620/Mahindra/XUV300/7242/1597228632663/interior-image-215.jpg]
[img.gaadicdn.com/images/carinteriorimages/large/Mahindra/XUV300/7242/1597228632663/interior-image-215.jpg]
[img.gaadicdn.com/images/carinteriorimages/930x620/Mahindra/XUV300/7242/1597228632663/interior-image-214.jpg]
[img.gaadicdn.com/images/carinteriorimages/large/Mahindra/XUV300/7242/1597228632663/interior-image-214.jpg]
[img.gaadicdn.com/images/carinteriorimages/930x620/Mahindra/XUV300/7242/1597228632663/interior-image-213.jpg]
[img.gaadicdn.com/images/carinteriorimages/large/Mahindra/XUV300/7242/1597228632663/interior-image-213.jpg]
[img.gaadicdn.com/images/carinteriorimages/930x620/Mahindra/XUV300/7242/1597228632663/rear-seats-with-arm-rest-193.jpg]
[img.gaadicdn.com/images/carinteriorimages/large/Mahindra/XUV300/7242/1597228632663/rear-seats-with-arm-rest-193.jpg]
[img.gaadicdn.com/images/carinteriorimages/930x620/Mahindra/XUV300/7239/1579261933591/infotainment-system-main-menu-183.jpg]
[img.gaadicdn.com/images/carinteriorimages/large/Mahindra/XUV300/7239/1579261933591/infotainment-system-main-menu-183.jpg]
[www.shivamahindra.in/new-cars/mahindra-xuv300/pictures.html]
[www.shivamahindra.in/new-cars/mahindra-xuv300/colors.html]
[www.shivamahindra.in/new-cars/mahindra-xuv300/specification.html]
[www.shivamahindra.in/assets-theme/js/ftcfdbc.js]
[img.youtube.com/vi/WcRrC4OrHDk/0.jpg]
[img.youtube.com/vi/uwHpwj5XMOY/0.jpg]
[img.youtube.com/vi/Xw6hxfHx0Gc/0.jpg]
[www.shivamahindra.in/new-cars/mahindra-xuv300/expert_review.html]
[www.shivamahindra.in/mahindra-xuv300/mahindra-xuv300-w4-diesel.html]
[www.shivamahindra.in/mahindra-xuv300/mahindra-xuv300-w6-diesel.html]
[www.shivamahindra.in/mahindra-xuv300/mahindra-xuv300-w6-amt-diesel.html]
[www.shivamahindra.in/mahindra-xuv300/mahindra-xuv300-w8-diesel.html]
[www.shivamahindra.in/mahindra-xuv300/mahindra-xuv300-w8-amt-diesel.html]
[www.shivamahindra.in/mahindra-xuv300/mahindra-xuv300-w8-option-diesel.html]
[www.shivamahindra.in/mahindra-xuv300/mahindra-xuv300-w8-amt-optional-diesel.html]
[www.shivamahindra.in/mahindra-xuv300/mahindra-xuv300-w4.html]
[www.shivamahindra.in/mahindra-xuv300/mahindra-xuv300-w6.html]
[www.shivamahindra.in/mahindra-xuv300/mahindra-xuv300-w8.html]
[www.shivamahindra.in/mahindra-xuv300/mahindra-xuv300-w8-option.html]
[www.shivamahindra.in/mahindra-xuv300/mahindra-xuv300-w8-option-dual-tone.html]
[stimg.cardekho.com/images/carexteriorimages/large/Mahindra/Alturas-G4/7795/1591247461677/front-left-side-47.jpg]
[www.shivamahindra.in/new-cars/mahindra-alturas-g4/price-in-ghaziabad.html]
[www.shivamahindra.in/new-cars/mahindra-alturas-g4/price-in-new-delhi.html]
[www.shivamahindra.in/new-cars/mahindra-alturas-g4/price-in-bulandshahr.html]
[img.gaadicdn.com/images/carexteriorimages/930x620/Mahindra/Alturas-G4/7795/1591247461677/front-view-118.jpg]
[img.gaadicdn.com/images/carexteriorimages/large/Mahindra/Alturas-G4/7795/1591247461677/front-view-118.jpg]
[img.gaadicdn.com/images/carexteriorimages/930x620/Mahindra/Alturas-G4/7795/1591247461677/front-left-side-47.jpg]
[img.gaadicdn.com/images/carexteriorimages/large/Mahindra/Alturas-G4/7795/1591247461677/front-left-side-47.jpg]
[img.gaadicdn.com/images/carexteriorimages/930x620/Mahindra/Alturas-G4/7795/1591247461677/side-view-(left)-90.jpg]
[img.gaadicdn.com/images/carexteriorimages/large/Mahindra/Alturas-G4/7795/1591247461677/side-view-(left)-90.jpg]
[img.gaadicdn.com/images/carexteriorimages/930x620/Mahindra/Alturas-G4/7795/1591247461677/rear-view-119.jpg]
[img.gaadicdn.com/images/carexteriorimages/large/Mahindra/Alturas-G4/7795/1591247461677/rear-view-119.jpg]
[img.gaadicdn.com/images/carexteriorimages/930x620/Mahindra/Alturas-G4/7795/1591247461677/headlight-43.jpg]
[img.gaadicdn.com/images/carexteriorimages/large/Mahindra/Alturas-G4/7795/1591247461677/headlight-43.jpg]
[img.gaadicdn.com/images/carexteriorimages/930x620/Mahindra/Alturas-G4/7795/1591247461677/taillight-44.jpg]
[img.gaadicdn.com/images/carexteriorimages/large/Mahindra/Alturas-G4/7795/1591247461677/taillight-44.jpg]
[img.gaadicdn.com/images/carexteriorimages/930x620/Mahindra/Alturas-G4/7795/1591247461677/wheel-42.jpg]
[img.gaadicdn.com/images/carexteriorimages/large/Mahindra/Alturas-G4/7795/1591247461677/wheel-42.jpg]
[img.gaadicdn.com/images/carexteriorimages/930x620/Mahindra/Alturas-G4/7795/1591247461677/front-fog-lamp-41.jpg]
[img.gaadicdn.com/images/carexteriorimages/large/Mahindra/Alturas-G4/7795/1591247461677/front-fog-lamp-41.jpg]
[img.gaadicdn.com/images/carexteriorimages/930x620/Mahindra/Alturas-G4/7795/1591247461677/door-handle-45.jpg]
[img.gaadicdn.com/images/carexteriorimages/large/Mahindra/Alturas-G4/7795/1591247461677/door-handle-45.jpg]
[img.gaadicdn.com/images/carexteriorimages/930x620/Mahindra/Alturas-G4/7795/1591247461677/grille-97.jpg]
[img.gaadicdn.com/images/carexteriorimages/large/Mahindra/Alturas-G4/7795/1591247461677/grille-97.jpg]
[img.gaadicdn.com/images/carexteriorimages/930x620/Mahindra/Alturas-G4/7795/1591247461677/side-mirror-(body)-93.jpg]
[img.gaadicdn.com/images/carexteriorimages/large/Mahindra/Alturas-G4/7795/1591247461677/side-mirror-(body)-93.jpg]
[img.gaadicdn.com/images/carexteriorimages/930x620/Mahindra/Alturas-G4/7795/1591247461677/antenna-80.jpg]
[img.gaadicdn.com/images/carexteriorimages/large/Mahindra/Alturas-G4/7795/1591247461677/antenna-80.jpg]
[img.gaadicdn.com/images/carexteriorimages/930x620/Mahindra/Alturas-G4/7795/1591247461677/rear-wiper-134.jpg]
[img.gaadicdn.com/images/carexteriorimages/large/Mahindra/Alturas-G4/7795/1591247461677/rear-wiper-134.jpg]
[img.gaadicdn.com/images/carinteriorimages/930x620/Mahindra/Alturas-G4/7795/1591247596779/dashboard-59.jpg]
[img.gaadicdn.com/images/carinteriorimages/large/Mahindra/Alturas-G4/7795/1591247596779/dashboard-59.jpg]
[img.gaadicdn.com/images/carinteriorimages/930x620/Mahindra/Alturas-G4/7795/1591247596779/ac-controls-151.jpg]
[img.gaadicdn.com/images/carinteriorimages/large/Mahindra/Alturas-G4/7795/1591247596779/ac-controls-151.jpg]
[img.gaadicdn.com/images/carinteriorimages/930x620/Mahindra/Alturas-G4/7795/1591247596779/front-air-vents-144.jpg]
[img.gaadicdn.com/images/carinteriorimages/large/Mahindra/Alturas-G4/7795/1591247596779/front-air-vents-144.jpg]
[img.gaadicdn.com/images/carinteriorimages/930x620/Mahindra/Alturas-G4/7795/1591247596779/steering-wheel-54.jpg]
[img.gaadicdn.com/images/carinteriorimages/large/Mahindra/Alturas-G4/7795/1591247596779/steering-wheel-54.jpg]
[img.gaadicdn.com/images/carinteriorimages/930x620/Mahindra/Alturas-G4/7795/1591247596779/steering-controls-138.jpg]
[img.gaadicdn.com/images/carinteriorimages/large/Mahindra/Alturas-G4/7795/1591247596779/steering-controls-138.jpg]
[img.gaadicdn.com/images/carinteriorimages/930x620/Mahindra/Alturas-G4/7795/1591247596779/airbags-94.jpg]
[img.gaadicdn.com/images/carinteriorimages/large/Mahindra/Alturas-G4/7795/1591247596779/airbags-94.jpg]
[img.gaadicdn.com/images/carinteriorimages/930x620/Mahindra/Alturas-G4/7795/1591247596779/door-view-of-driver-seat-51.jpg]
[img.gaadicdn.com/images/carinteriorimages/large/Mahindra/Alturas-G4/7795/1591247596779/door-view-of-driver-seat-51.jpg]
[img.gaadicdn.com/images/carinteriorimages/930x620/Mahindra/Alturas-G4/7795/1591247596779/seat-adjustments-control-65.jpg]
[img.gaadicdn.com/images/carinteriorimages/large/Mahindra/Alturas-G4/7795/1591247596779/seat-adjustments-control-65.jpg]
[img.gaadicdn.com/images/carinteriorimages/930x620/Mahindra/Alturas-G4/7795/1591247596779/glovebox-(closed)-129.jpg]
[img.gaadicdn.com/images/carinteriorimages/large/Mahindra/Alturas-G4/7795/1591247596779/glovebox-(closed)-129.jpg]
[img.gaadicdn.com/images/carinteriorimages/930x620/Mahindra/Alturas-G4/7795/1591247596779/gear-shifter-87.jpg]
[img.gaadicdn.com/images/carinteriorimages/large/Mahindra/Alturas-G4/7795/1591247596779/gear-shifter-87.jpg]
[img.gaadicdn.com/images/carinteriorimages/930x620/Mahindra/Alturas-G4/7795/1591247596779/pedals-82.jpg]
[img.gaadicdn.com/images/carinteriorimages/large/Mahindra/Alturas-G4/7795/1591247596779/pedals-82.jpg]
[img.gaadicdn.com/images/carinteriorimages/930x620/Mahindra/Alturas-G4/7795/1591247596779/rear-view-mirror-courtesy-lamps-64.jpg]
[img.gaadicdn.com/images/carinteriorimages/large/Mahindra/Alturas-G4/7795/1591247596779/rear-view-mirror-courtesy-lamps-64.jpg]
[img.gaadicdn.com/images/carinteriorimages/930x620/Mahindra/Alturas-G4/7795/1591247596779/door-controls-40.jpg]
[img.gaadicdn.com/images/carinteriorimages/large/Mahindra/Alturas-G4/7795/1591247596779/door-controls-40.jpg]
[img.gaadicdn.com/images/carinteriorimages/930x620/Mahindra/Alturas-G4/7795/1591247596779/seat-belt-95.jpg]
[img.gaadicdn.com/images/carinteriorimages/large/Mahindra/Alturas-G4/7795/1591247596779/seat-belt-95.jpg]
[img.gaadicdn.com/images/carinteriorimages/930x620/Mahindra/Alturas-G4/7795/1591247596779/seat-headrest-200.jpg]
[img.gaadicdn.com/images/carinteriorimages/large/Mahindra/Alturas-G4/7795/1591247596779/seat-headrest-200.jpg]
[img.gaadicdn.com/images/carinteriorimages/930x620/Mahindra/Alturas-G4/7795/1591247596779/rear-arm-rest-close-view-194.jpg]
[img.gaadicdn.com/images/carinteriorimages/large/Mahindra/Alturas-G4/7795/1591247596779/rear-arm-rest-close-view-194.jpg]
[img.gaadicdn.com/images/carinteriorimages/930x620/Mahindra/Alturas-G4/7795/1591247596779/infotainment-system-main-menu-183.jpg]
[img.gaadicdn.com/images/carinteriorimages/large/Mahindra/Alturas-G4/7795/1591247596779/infotainment-system-main-menu-183.jpg]
[www.shivamahindra.in/new-cars/mahindra-alturas-g4/pictures.html]
[www.shivamahindra.in/new-cars/mahindra-alturas-g4/colors.html]
[www.shivamahindra.in/new-cars/mahindra-alturas-g4/specification.html]
[img.youtube.com/vi/o3Rq2BUz1Dc/0.jpg]
[img.youtube.com/vi/dAFJZ_hOwOY/0.jpg]
[www.shivamahindra.in/new-cars/mahindra-alturas-g4/expert_review.html]
[www.shivamahindra.in/mahindra-alturas-g4/mahindra-alturas-g4-4x2-at.html]
[www.shivamahindra.in/mahindra-alturas-g4/mahindra-alturas-g4-4x4-at.html]
[stimg.cardekho.com/images/carexteriorimages/large/Mahindra/XUV500/7798/1588161480616/front-left-side-47.jpg]
[www.shivamahindra.in/new-cars/mahindra-xuv500/price-in-ghaziabad.html]
[www.shivamahindra.in/new-cars/mahindra-xuv500/price-in-new-delhi.html]
[www.shivamahindra.in/new-cars/mahindra-xuv500/price-in-bulandshahr.html]
[img.gaadicdn.com/images/carexteriorimages/930x620/Mahindra/XUV500/7798/1588161480616/front-view-118.jpg]
[img.gaadicdn.com/images/carexteriorimages/large/Mahindra/XUV500/7798/1588161480616/front-view-118.jpg]
[img.gaadicdn.com/images/carexteriorimages/930x620/Mahindra/XUV500/7798/1588161480616/front-left-side-47.jpg]
[img.gaadicdn.com/images/carexteriorimages/large/Mahindra/XUV500/7798/1588161480616/front-left-side-47.jpg]
[img.gaadicdn.com/images/carexteriorimages/930x620/Mahindra/XUV500/7798/1588161480616/side-view-(left)-90.jpg]
[img.gaadicdn.com/images/carexteriorimages/large/Mahindra/XUV500/7798/1588161480616/side-view-(left)-90.jpg]
[img.gaadicdn.com/images/carexteriorimages/930x620/Mahindra/XUV500/7798/1588161480616/rear-view-119.jpg]
[img.gaadicdn.com/images/carexteriorimages/large/Mahindra/XUV500/7798/1588161480616/rear-view-119.jpg]
[img.gaadicdn.com/images/carexteriorimages/930x620/Mahindra/XUV500/7798/1588161480616/side-view-(right)-38.jpg]
[img.gaadicdn.com/images/carexteriorimages/large/Mahindra/XUV500/7798/1588161480616/side-view-(right)-38.jpg]
[img.gaadicdn.com/images/carexteriorimages/930x620/Mahindra/XUV500/7798/1588161480616/front-right-view-120.jpg]
[img.gaadicdn.com/images/carexteriorimages/large/Mahindra/XUV500/7798/1588161480616/front-right-view-120.jpg]
[img.gaadicdn.com/images/carexteriorimages/930x620/Mahindra/XUV500/7798/1588161480616/headlight-43.jpg]
[img.gaadicdn.com/images/carexteriorimages/large/Mahindra/XUV500/7798/1588161480616/headlight-43.jpg]
[img.gaadicdn.com/images/carexteriorimages/930x620/Mahindra/XUV500/7798/1588161480616/taillight-44.jpg]
[img.gaadicdn.com/images/carexteriorimages/large/Mahindra/XUV500/7798/1588161480616/taillight-44.jpg]
[img.gaadicdn.com/images/carexteriorimages/930x620/Mahindra/XUV500/7798/1588161480616/sun-roof-moon-roof-81.jpg]
[img.gaadicdn.com/images/carexteriorimages/large/Mahindra/XUV500/7798/1588161480616/sun-roof-moon-roof-81.jpg]
[img.gaadicdn.com/images/carexteriorimages/930x620/Mahindra/XUV500/7798/1588161480616/wheel-42.jpg]
[img.gaadicdn.com/images/carexteriorimages/large/Mahindra/XUV500/7798/1588161480616/wheel-42.jpg]
[img.gaadicdn.com/images/carexteriorimages/930x620/Mahindra/XUV500/7798/1588161480616/front-fog-lamp-41.jpg]
[img.gaadicdn.com/images/carexteriorimages/large/Mahindra/XUV500/7798/1588161480616/front-fog-lamp-41.jpg]
[img.gaadicdn.com/images/carexteriorimages/930x620/Mahindra/XUV500/7798/1588161480616/door-handle-45.jpg]
[img.gaadicdn.com/images/carexteriorimages/large/Mahindra/XUV500/7798/1588161480616/door-handle-45.jpg]
[img.gaadicdn.com/images/carexteriorimages/930x620/Mahindra/XUV500/7798/1588161480616/grille-97.jpg]
[img.gaadicdn.com/images/carexteriorimages/large/Mahindra/XUV500/7798/1588161480616/grille-97.jpg]
[img.gaadicdn.com/images/carexteriorimages/930x620/Mahindra/XUV500/7798/1588161480616/side-mirror-(body)-93.jpg]
[img.gaadicdn.com/images/carexteriorimages/large/Mahindra/XUV500/7798/1588161480616/side-mirror-(body)-93.jpg]
[img.gaadicdn.com/images/carexteriorimages/930x620/Mahindra/XUV500/7798/1588161480616/exhaust-pipe-76.jpg]
[img.gaadicdn.com/images/carexteriorimages/large/Mahindra/XUV500/7798/1588161480616/exhaust-pipe-76.jpg]
[img.gaadicdn.com/images/carexteriorimages/930x620/Mahindra/XUV500/7798/1588161480616/front-wiper-96.jpg]
[img.gaadicdn.com/images/carexteriorimages/large/Mahindra/XUV500/7798/1588161480616/front-wiper-96.jpg]
[img.gaadicdn.com/images/carexteriorimages/930x620/Mahindra/XUV500/7798/1588161480616/rear-wiper-134.jpg]
[img.gaadicdn.com/images/carexteriorimages/large/Mahindra/XUV500/7798/1588161480616/rear-wiper-134.jpg]
[img.gaadicdn.com/images/carexteriorimages/930x620/Mahindra/XUV500/7798/1588161480616/model-and-badging-100.jpg]
[img.gaadicdn.com/images/carexteriorimages/large/Mahindra/XUV500/7798/1588161480616/model-and-badging-100.jpg]
[img.gaadicdn.com/images/carinteriorimages/930x620/Mahindra/XUV500/7798/1588161309664/ignition-start-stop-button-142.jpg]
[img.gaadicdn.com/images/carinteriorimages/large/Mahindra/XUV500/7798/1588161309664/ignition-start-stop-button-142.jpg]
[img.gaadicdn.com/images/carinteriorimages/930x620/Mahindra/XUV500/7798/1588161309664/dashboard-59.jpg]
[img.gaadicdn.com/images/carinteriorimages/large/Mahindra/XUV500/7798/1588161309664/dashboard-59.jpg]
[img.gaadicdn.com/images/carinteriorimages/930x620/Mahindra/XUV500/7798/1588161309664/center-console-55.jpg]
[img.gaadicdn.com/images/carinteriorimages/large/Mahindra/XUV500/7798/1588161309664/center-console-55.jpg]
[img.gaadicdn.com/images/carinteriorimages/930x620/Mahindra/XUV500/7798/1588161309664/infotainment-stytem-57.jpg]
[img.gaadicdn.com/images/carinteriorimages/large/Mahindra/XUV500/7798/1588161309664/infotainment-stytem-57.jpg]
[img.gaadicdn.com/images/carinteriorimages/930x620/Mahindra/XUV500/7798/1588161309664/ac-controls-151.jpg]
[img.gaadicdn.com/images/carinteriorimages/large/Mahindra/XUV500/7798/1588161309664/ac-controls-151.jpg]
[img.gaadicdn.com/images/carinteriorimages/930x620/Mahindra/XUV500/7798/1588161309664/steering-wheel-54.jpg]
[img.gaadicdn.com/images/carinteriorimages/large/Mahindra/XUV500/7798/1588161309664/steering-wheel-54.jpg]
[img.gaadicdn.com/images/carinteriorimages/930x620/Mahindra/XUV500/7798/1588161309664/steering-controls-138.jpg]
[img.gaadicdn.com/images/carinteriorimages/large/Mahindra/XUV500/7798/1588161309664/steering-controls-138.jpg]
[img.gaadicdn.com/images/carinteriorimages/930x620/Mahindra/XUV500/7798/1588161309664/airbags-94.jpg]
[img.gaadicdn.com/images/carinteriorimages/large/Mahindra/XUV500/7798/1588161309664/airbags-94.jpg]
[img.gaadicdn.com/images/carinteriorimages/930x620/Mahindra/XUV500/7798/1588161309664/seats-(aerial-view)-53.jpg]
[img.gaadicdn.com/images/carinteriorimages/large/Mahindra/XUV500/7798/1588161309664/seats-(aerial-view)-53.jpg]
[img.gaadicdn.com/images/carinteriorimages/930x620/Mahindra/XUV500/7798/1588161309664/passenger-view-56.jpg]
[img.gaadicdn.com/images/carinteriorimages/large/Mahindra/XUV500/7798/1588161309664/passenger-view-56.jpg]
[img.gaadicdn.com/images/carinteriorimages/930x620/Mahindra/XUV500/7798/1588161309664/glovebox-(closed)-129.jpg]
[img.gaadicdn.com/images/carinteriorimages/large/Mahindra/XUV500/7798/1588161309664/glovebox-(closed)-129.jpg]
[img.gaadicdn.com/images/carinteriorimages/930x620/Mahindra/XUV500/7798/1588161309664/glovebox-130.jpg]
[img.gaadicdn.com/images/carinteriorimages/large/Mahindra/XUV500/7798/1588161309664/glovebox-130.jpg]
[img.gaadicdn.com/images/carinteriorimages/930x620/Mahindra/XUV500/7798/1588161309664/gear-shifter-87.jpg]
[img.gaadicdn.com/images/carinteriorimages/large/Mahindra/XUV500/7798/1588161309664/gear-shifter-87.jpg]
[img.gaadicdn.com/images/carinteriorimages/930x620/Mahindra/XUV500/7798/1588161309664/pedals-82.jpg]
[img.gaadicdn.com/images/carinteriorimages/large/Mahindra/XUV500/7798/1588161309664/pedals-82.jpg]
[img.gaadicdn.com/images/carinteriorimages/930x620/Mahindra/XUV500/7798/1588161309664/rear-view-mirror-courtesy-lamps-64.jpg]
[img.gaadicdn.com/images/carinteriorimages/large/Mahindra/XUV500/7798/1588161309664/rear-view-mirror-courtesy-lamps-64.jpg]
[img.gaadicdn.com/images/carinteriorimages/930x620/Mahindra/XUV500/7798/1588161309664/reading-lamps-84.jpg]
[img.gaadicdn.com/images/carinteriorimages/large/Mahindra/XUV500/7798/1588161309664/reading-lamps-84.jpg]
[img.gaadicdn.com/images/carinteriorimages/930x620/Mahindra/XUV500/7798/1588161309664/rear-side-curtains-147.jpg]
[img.gaadicdn.com/images/carinteriorimages/large/Mahindra/XUV500/7798/1588161309664/rear-side-curtains-147.jpg]
[images.cardekho.com/images/cardekho-hotspot/Mahindra-XUV500/Mahindra-XUV500-0.jpg]
[images.cardekho.com/images/cardekho-hotspot/Mahindra-XUV500/Mahindra-XUV500-1.jpg]
[images.cardekho.com/images/cardekho-hotspot/Mahindra-XUV500/Mahindra-XUV500-2.jpg]
[images.cardekho.com/images/cardekho-hotspot/Mahindra-XUV500/Mahindra-XUV500-3.jpg]
[images.cardekho.com/images/cardekho-hotspot/Mahindra-XUV500/Mahindra-XUV500-4.jpg]
[images.cardekho.com/images/cardekho-hotspot/Mahindra-XUV500/Mahindra-XUV500-5.jpg]
[images.cardekho.com/images/cardekho-hotspot/Mahindra-XUV500/Mahindra-XUV500-6.jpg]
[images.cardekho.com/images/cardekho-hotspot/Mahindra-XUV500/Mahindra-XUV500-7.jpg]
[images.cardekho.com/images/cardekho-hotspot/Mahindra-XUV500/Mahindra-XUV500-8.jpg]
[images.cardekho.com/images/cardekho-hotspot/Mahindra-XUV500/Mahindra-XUV500-9.jpg]
[images.cardekho.com/images/cardekho-hotspot/Mahindra-XUV500/Mahindra-XUV500-10.jpg]
[images.cardekho.com/images/cardekho-hotspot/Mahindra-XUV500/Mahindra-XUV500-11.jpg]
[images.cardekho.com/images/cardekho-hotspot/Mahindra-XUV500/Mahindra-XUV500-12.jpg]
[images.cardekho.com/images/cardekho-hotspot/Mahindra-XUV500/Mahindra-XUV500-13.jpg]
[images.cardekho.com/images/cardekho-hotspot/Mahindra-XUV500/Mahindra-XUV500-14.jpg]
[images.cardekho.com/images/cardekho-hotspot/Mahindra-XUV500/Mahindra-XUV500-15.jpg]
[images.cardekho.com/images/cardekho-hotspot/Mahindra-XUV500/Mahindra-XUV500-16.jpg]
[images.cardekho.com/images/cardekho-hotspot/Mahindra-XUV500/Mahindra-XUV500-17.jpg]
[images.cardekho.com/images/cardekho-hotspot/Mahindra-XUV500/Mahindra-XUV500-18.jpg]
[images.cardekho.com/images/cardekho-hotspot/Mahindra-XUV500/Mahindra-XUV500-19.jpg]
[www.shivamahindra.in/new-cars/mahindra-xuv500/pictures.html]
[www.shivamahindra.in/new-cars/mahindra-xuv500/colors.html]
[www.shivamahindra.in/new-cars/mahindra-xuv500/specification.html]
[www.shivamahindra.in/mahindra-xuv500/mahindra-xuv500-w5.html]
[www.shivamahindra.in/mahindra-xuv500/mahindra-xuv500-w7.html]
[www.shivamahindra.in/mahindra-xuv500/mahindra-xuv500-w9.html]
[www.shivamahindra.in/mahindra-xuv500/mahindra-xuv500-w11-option.html]
[stimg.cardekho.com/images/carexteriorimages/large/Mahindra/KUV100-NXT/7789/1587710501104/front-left-side-47.jpg]
[www.shivamahindra.in/new-cars/mahindra-kuv100-nxt/price-in-new-delhi.html]
[img.gaadicdn.com/images/carexteriorimages/930x620/Mahindra/KUV100-NXT/7786/1587535336944/front-view-118.jpg]
[img.gaadicdn.com/images/carexteriorimages/large/Mahindra/KUV100-NXT/7786/1587535336944/front-view-118.jpg]
[img.gaadicdn.com/images/carexteriorimages/930x620/Mahindra/KUV100-NXT/7789/1587710501104/front-left-side-47.jpg]
[img.gaadicdn.com/images/carexteriorimages/large/Mahindra/KUV100-NXT/7789/1587710501104/front-left-side-47.jpg]
[img.gaadicdn.com/images/carexteriorimages/930x620/Mahindra/KUV100-NXT/7786/1587535336944/front-left-side-47.jpg]
[img.gaadicdn.com/images/carexteriorimages/large/Mahindra/KUV100-NXT/7786/1587535336944/front-left-side-47.jpg]
[img.gaadicdn.com/images/carexteriorimages/930x620/Mahindra/KUV100-NXT/7786/1587535336944/side-view-(left)-90.jpg]
[img.gaadicdn.com/images/carexteriorimages/large/Mahindra/KUV100-NXT/7786/1587535336944/side-view-(left)-90.jpg]
[img.gaadicdn.com/images/carexteriorimages/930x620/Mahindra/KUV100-NXT/7786/1587535336944/rear-left-view-121.jpg]
[img.gaadicdn.com/images/carexteriorimages/large/Mahindra/KUV100-NXT/7786/1587535336944/rear-left-view-121.jpg]
[img.gaadicdn.com/images/carexteriorimages/930x620/Mahindra/KUV100-NXT/7786/1587535336944/rear-view-119.jpg]
[img.gaadicdn.com/images/carexteriorimages/large/Mahindra/KUV100-NXT/7786/1587535336944/rear-view-119.jpg]
[img.gaadicdn.com/images/carexteriorimages/930x620/Mahindra/KUV100-NXT/7786/1587535336944/rear-right-side-48.jpg]
[img.gaadicdn.com/images/carexteriorimages/large/Mahindra/KUV100-NXT/7786/1587535336944/rear-right-side-48.jpg]
[img.gaadicdn.com/images/carexteriorimages/930x620/Mahindra/KUV100-NXT/7786/1587535336944/side-view-(right)-38.jpg]
[img.gaadicdn.com/images/carexteriorimages/large/Mahindra/KUV100-NXT/7786/1587535336944/side-view-(right)-38.jpg]
[img.gaadicdn.com/images/carexteriorimages/930x620/Mahindra/KUV100-NXT/7786/1587535336944/front-right-view-120.jpg]
[img.gaadicdn.com/images/carexteriorimages/large/Mahindra/KUV100-NXT/7786/1587535336944/front-right-view-120.jpg]
[img.gaadicdn.com/images/carexteriorimages/930x620/Mahindra/KUV100-NXT/7786/1587535336944/headlight-43.jpg]
[img.gaadicdn.com/images/carexteriorimages/large/Mahindra/KUV100-NXT/7786/1587535336944/headlight-43.jpg]
[img.gaadicdn.com/images/carexteriorimages/930x620/Mahindra/KUV100-NXT/7786/1587535336944/taillight-44.jpg]
[img.gaadicdn.com/images/carexteriorimages/large/Mahindra/KUV100-NXT/7786/1587535336944/taillight-44.jpg]
[img.gaadicdn.com/images/carexteriorimages/930x620/Mahindra/KUV100-NXT/7786/1587535336944/wheel-42.jpg]
[img.gaadicdn.com/images/carexteriorimages/large/Mahindra/KUV100-NXT/7786/1587535336944/wheel-42.jpg]
[img.gaadicdn.com/images/carexteriorimages/930x620/Mahindra/KUV100-NXT/7786/1587535336944/front-fog-lamp-41.jpg]
[img.gaadicdn.com/images/carexteriorimages/large/Mahindra/KUV100-NXT/7786/1587535336944/front-fog-lamp-41.jpg]
[img.gaadicdn.com/images/carexteriorimages/930x620/Mahindra/KUV100-NXT/7786/1587535336944/grille-97.jpg]
[img.gaadicdn.com/images/carexteriorimages/large/Mahindra/KUV100-NXT/7786/1587535336944/grille-97.jpg]
[img.gaadicdn.com/images/carexteriorimages/930x620/Mahindra/KUV100-NXT/7786/1587535336944/side-mirror-(body)-93.jpg]
[img.gaadicdn.com/images/carexteriorimages/large/Mahindra/KUV100-NXT/7786/1587535336944/side-mirror-(body)-93.jpg]
[img.gaadicdn.com/images/carexteriorimages/930x620/Mahindra/KUV100-NXT/7786/1587535336944/antenna-80.jpg]
[img.gaadicdn.com/images/carexteriorimages/large/Mahindra/KUV100-NXT/7786/1587535336944/antenna-80.jpg]
[img.gaadicdn.com/images/carexteriorimages/930x620/Mahindra/KUV100-NXT/7786/1587535336944/front-wiper-96.jpg]
[img.gaadicdn.com/images/carexteriorimages/large/Mahindra/KUV100-NXT/7786/1587535336944/front-wiper-96.jpg]
[img.gaadicdn.com/images/carinteriorimages/930x620/Mahindra/KUV100-NXT/7786/1587535219202/center-console-55.jpg]
[img.gaadicdn.com/images/carinteriorimages/large/Mahindra/KUV100-NXT/7786/1587535219202/center-console-55.jpg]
[img.gaadicdn.com/images/carinteriorimages/930x620/Mahindra/KUV100-NXT/7786/1587535219202/infotainment-stytem-57.jpg]
[img.gaadicdn.com/images/carinteriorimages/large/Mahindra/KUV100-NXT/7786/1587535219202/infotainment-stytem-57.jpg]
[img.gaadicdn.com/images/carinteriorimages/930x620/Mahindra/KUV100-NXT/7786/1587535219202/ac-controls-151.jpg]
[img.gaadicdn.com/images/carinteriorimages/large/Mahindra/KUV100-NXT/7786/1587535219202/ac-controls-151.jpg]
[img.gaadicdn.com/images/carinteriorimages/930x620/Mahindra/KUV100-NXT/7786/1587535219202/steering-wheel-54.jpg]
[img.gaadicdn.com/images/carinteriorimages/large/Mahindra/KUV100-NXT/7786/1587535219202/steering-wheel-54.jpg]
[img.gaadicdn.com/images/carinteriorimages/930x620/Mahindra/KUV100-NXT/7786/1587535219202/instrument-cluster-62.jpg]
[img.gaadicdn.com/images/carinteriorimages/large/Mahindra/KUV100-NXT/7786/1587535219202/instrument-cluster-62.jpg]
[img.gaadicdn.com/images/carinteriorimages/930x620/Mahindra/KUV100-NXT/7786/1587535219202/airbags-94.jpg]
[img.gaadicdn.com/images/carinteriorimages/large/Mahindra/KUV100-NXT/7786/1587535219202/airbags-94.jpg]
[img.gaadicdn.com/images/carinteriorimages/930x620/Mahindra/KUV100-NXT/7786/1587535219202/seats-(aerial-view)-53.jpg]
[img.gaadicdn.com/images/carinteriorimages/large/Mahindra/KUV100-NXT/7786/1587535219202/seats-(aerial-view)-53.jpg]
[img.gaadicdn.com/images/carinteriorimages/930x620/Mahindra/KUV100-NXT/7786/1587535219202/right-corner-front-view-137.jpg]
[img.gaadicdn.com/images/carinteriorimages/large/Mahindra/KUV100-NXT/7786/1587535219202/right-corner-front-view-137.jpg]
[img.gaadicdn.com/images/carinteriorimages/930x620/Mahindra/KUV100-NXT/7786/1587535219202/seat-adjustments-control-65.jpg]
[img.gaadicdn.com/images/carinteriorimages/large/Mahindra/KUV100-NXT/7786/1587535219202/seat-adjustments-control-65.jpg]
[img.gaadicdn.com/images/carinteriorimages/930x620/Mahindra/KUV100-NXT/7786/1587535219202/glovebox-130.jpg]
[img.gaadicdn.com/images/carinteriorimages/large/Mahindra/KUV100-NXT/7786/1587535219202/glovebox-130.jpg]
[img.gaadicdn.com/images/carinteriorimages/930x620/Mahindra/KUV100-NXT/7786/1587535219202/gear-shifter-87.jpg]
[img.gaadicdn.com/images/carinteriorimages/large/Mahindra/KUV100-NXT/7786/1587535219202/gear-shifter-87.jpg]
[img.gaadicdn.com/images/carinteriorimages/930x620/Mahindra/KUV100-NXT/7786/1587535219202/sunglass-holder-149.jpg]
[img.gaadicdn.com/images/carinteriorimages/large/Mahindra/KUV100-NXT/7786/1587535219202/sunglass-holder-149.jpg]
[images.cardekho.com/images/cardekho-hotspot/Mahindra-KUV-100/Mahindra-KUV-100-0.jpg]
[images.cardekho.com/images/cardekho-hotspot/Mahindra-KUV-100/Mahindra-KUV-100-1460372759629.jpg]
[images.cardekho.com/images/cardekho-hotspot/Mahindra-KUV-100/Mahindra-KUV-100-2.jpg]
[images.cardekho.com/images/cardekho-hotspot/Mahindra-KUV-100/Mahindra-KUV-100-3.jpg]
[images.cardekho.com/images/cardekho-hotspot/Mahindra-KUV-100/Mahindra-KUV-100-4.jpg]
[images.cardekho.com/images/cardekho-hotspot/Mahindra-KUV-100/Mahindra-KUV-100-5.jpg]
[images.cardekho.com/images/cardekho-hotspot/Mahindra-KUV-100/Mahindra-KUV-100-6.jpg]
[images.cardekho.com/images/cardekho-hotspot/Mahindra-KUV-100/Mahindra-KUV-100-7.jpg]
[images.cardekho.com/images/cardekho-hotspot/Mahindra-KUV-100/Mahindra-KUV-100-8.jpg]
[images.cardekho.com/images/cardekho-hotspot/Mahindra-KUV-100/Mahindra-KUV-100-9.jpg]
[images.cardekho.com/images/cardekho-hotspot/Mahindra-KUV-100/Mahindra-KUV-100-10.jpg]
[images.cardekho.com/images/cardekho-hotspot/Mahindra-KUV-100/Mahindra-KUV-100-11.jpg]
[images.cardekho.com/images/cardekho-hotspot/Mahindra-KUV-100/Mahindra-KUV-100-1460373461682.jpg]
[images.cardekho.com/images/cardekho-hotspot/Mahindra-KUV-100/Mahindra-KUV-100-13.jpg]
[images.cardekho.com/images/cardekho-hotspot/Mahindra-KUV-100/Mahindra-KUV-100-14.jpg]
[images.cardekho.com/images/cardekho-hotspot/Mahindra-KUV-100/Mahindra-KUV-100-15.jpg]
[www.shivamahindra.in/new-cars/mahindra-kuv100-nxt/pictures.html]
[www.shivamahindra.in/new-cars/mahindra-kuv100-nxt/colors.html]
[www.shivamahindra.in/new-cars/mahindra-kuv100-nxt/specification.html]
[www.shivamahindra.in/mahindra-kuv100-nxt/mahindra-kuv100-nxt-g80-k2-plus-6-str.html]
[www.shivamahindra.in/mahindra-kuv100-nxt/mahindra-kuv100-nxt-g80-k4-plus-6str.html]
[www.shivamahindra.in/mahindra-kuv100-nxt/mahindra-kuv100-nxt-g80-k6-plus-6str.html]
[www.shivamahindra.in/mahindra-kuv100-nxt/mahindra-kuv100-nxt-g80-k8-6str.html]
[www.shivamahindra.in/css/images/ui-bg_flat_75_ffffff_40x100.png]
[www.shivamahindra.in/css/images/ui-bg_highlight-soft_75_cccccc_1x100.png]
[www.shivamahindra.in/css/images/ui-bg_glass_75_e6e6e6_1x400.png]
[www.shivamahindra.in/css/images/ui-bg_glass_75_dadada_1x400.png]
[www.shivamahindra.in/css/images/ui-bg_glass_65_ffffff_1x400.png]
[www.shivamahindra.in/css/images/ui-bg_glass_55_fbf9ee_1x400.png]
[www.shivamahindra.in/css/images/ui-bg_glass_95_fef1ec_1x400.png]
[www.shivamahindra.in/css/images/ui-icons_222222_256x240.png]
[www.shivamahindra.in/css/images/ui-icons_888888_256x240.png]
[www.shivamahindra.in/css/images/ui-icons_454545_256x240.png]
[www.shivamahindra.in/css/images/ui-icons_2e83ff_256x240.png]
[www.shivamahindra.in/css/images/ui-icons_cd0a0a_256x240.png]
[www.shivamahindra.in/css/images/ui-bg_flat_0_aaaaaa_40x100.png]
[www.shivamahindra.in/css/jquery-ui.min.css]
[www.shivamahindra.in/outlet/showroom-dilshad-garden-new-delhi.html]
[www.shivamahindra.in/outlet/showroom-opposite--vaishali-metro-station-sahibabad.html]
[www.shivamahindra.in/outlet/showroom-lohia-nagar-ghaziabad.html]
[www.shivamahindra.in/outlet/workshop-behind-shri-ram-piston-co-ghaziabad.html]
[www.shivamahindra.in/outlet/workshop-near-reliance-petrol-pump-hapur.html]
[www.shivamahindra.in/outlet/showroom-garh-road-hapur.html]
[www.shivamahindra.in/outlet/workshop-link-road-police-chowki-ghaziabad.html]
[www.shivamahindra.in/outlet/showroom-loni-ghaziabad.html]
[www.shivamahindra.in/outlet/mahindra-showroom-in-ghaziabad.html]
[www.shivamahindra.in/outlet/mahindra-showroom-in-hapur.html]
[www.shivamahindra.in/outlet/mahindra-showroom-in-new-delhi.html]
[www.shivamahindra.in/outlet/mahindra-showroom-in-sahibabad.html]
[www.shivamahindra.in/outlet/mahindra-workshop-in-ghaziabad.html]
[www.shivamahindra.in/outlet/mahindra-workshop-in-hapur.html]
[stimg.cardekho.com/images/carexteriorimages/large/Mahindra/Scorpio/7767/1592459774750/front-left-side-47.jpg]
[www.shivamahindra.in/new-cars/mahindra-scorpio/price-in-ghaziabad.html]
[www.shivamahindra.in/new-cars/mahindra-scorpio/price-in-new-delhi.html]
[www.shivamahindra.in/new-cars/mahindra-scorpio/price-in-bulandshahr.html]
[img.gaadicdn.com/images/carexteriorimages/930x620/Mahindra/Scorpio/7767/1592459774750/front-left-side-47.jpg]
[img.gaadicdn.com/images/carexteriorimages/large/Mahindra/Scorpio/7767/1592459774750/front-left-side-47.jpg]
[img.gaadicdn.com/images/carexteriorimages/930x620/Mahindra/Scorpio/7767/Mahindra-Scorpio-S7/1592545791179/headlight-43.jpg]
[img.gaadicdn.com/images/carexteriorimages/large/Mahindra/Scorpio/7767/Mahindra-Scorpio-S7/1592545791179/headlight-43.jpg]
[img.gaadicdn.com/images/carexteriorimages/930x620/Mahindra/Scorpio/7767/Mahindra-Scorpio-S7/1592545791179/wheel-42.jpg]
[img.gaadicdn.com/images/carexteriorimages/large/Mahindra/Scorpio/7767/Mahindra-Scorpio-S7/1592545791179/wheel-42.jpg]
[img.gaadicdn.com/images/carexteriorimages/930x620/Mahindra/Scorpio/7767/Mahindra-Scorpio-S7/1592545791179/grille-97.jpg]
[img.gaadicdn.com/images/carexteriorimages/large/Mahindra/Scorpio/7767/Mahindra-Scorpio-S7/1592545791179/grille-97.jpg]
[img.gaadicdn.com/images/carexteriorimages/930x620/Mahindra/Scorpio/7767/Mahindra-Scorpio-S7/1592545791179/front-grill---logo-98.jpg]
[img.gaadicdn.com/images/carexteriorimages/large/Mahindra/Scorpio/7767/Mahindra-Scorpio-S7/1592545791179/front-grill---logo-98.jpg]
[img.gaadicdn.com/images/carexteriorimages/930x620/Mahindra/Scorpio/7767/Mahindra-Scorpio-S7/1592545791179/side-mirror-(body)-93.jpg]
[img.gaadicdn.com/images/carexteriorimages/large/Mahindra/Scorpio/7767/Mahindra-Scorpio-S7/1592545791179/side-mirror-(body)-93.jpg]
[img.gaadicdn.com/images/carexteriorimages/930x620/Mahindra/Scorpio/7767/Mahindra-Scorpio-S7/1592545791179/rear-wiper-134.jpg]
[img.gaadicdn.com/images/carexteriorimages/large/Mahindra/Scorpio/7767/Mahindra-Scorpio-S7/1592545791179/rear-wiper-134.jpg]
[img.gaadicdn.com/images/carexteriorimages/930x620/Mahindra/Scorpio/7767/Mahindra-Scorpio-S7/1592545791179/exterior-image-167.jpg]
[img.gaadicdn.com/images/carexteriorimages/large/Mahindra/Scorpio/7767/Mahindra-Scorpio-S7/1592545791179/exterior-image-167.jpg]
[img.gaadicdn.com/images/carexteriorimages/930x620/Mahindra/Scorpio/7767/Mahindra-Scorpio-S7/1592545791179/exterior-image-166.jpg]
[img.gaadicdn.com/images/carexteriorimages/large/Mahindra/Scorpio/7767/Mahindra-Scorpio-S7/1592545791179/exterior-image-166.jpg]
[img.gaadicdn.com/images/carexteriorimages/930x620/Mahindra/Scorpio/7767/Mahindra-Scorpio-S7/1592545791179/exterior-image-165.jpg]
[img.gaadicdn.com/images/carexteriorimages/large/Mahindra/Scorpio/7767/Mahindra-Scorpio-S7/1592545791179/exterior-image-165.jpg]
[img.gaadicdn.com/images/carexteriorimages/930x620/Mahindra/Scorpio/7767/Mahindra-Scorpio-S7/1592545791179/exterior-image-164.jpg]
[img.gaadicdn.com/images/carexteriorimages/large/Mahindra/Scorpio/7767/Mahindra-Scorpio-S7/1592545791179/exterior-image-164.jpg]
[img.gaadicdn.com/images/carinteriorimages/930x620/Mahindra/Scorpio/7766/1592546398727/ac-controls-151.jpg]
[img.gaadicdn.com/images/carinteriorimages/large/Mahindra/Scorpio/7766/1592546398727/ac-controls-151.jpg]
[img.gaadicdn.com/images/carinteriorimages/930x620/Mahindra/Scorpio/7766/1592546398727/steering-wheel-54.jpg]
[img.gaadicdn.com/images/carinteriorimages/large/Mahindra/Scorpio/7766/1592546398727/steering-wheel-54.jpg]
[img.gaadicdn.com/images/carinteriorimages/930x620/Mahindra/Scorpio/7766/1592546398727/parking-camera-display-136.jpg]
[img.gaadicdn.com/images/carinteriorimages/large/Mahindra/Scorpio/7766/1592546398727/parking-camera-display-136.jpg]
[img.gaadicdn.com/images/carinteriorimages/930x620/Mahindra/Scorpio/7766/1592546398727/seats-(aerial-view)-53.jpg]
[img.gaadicdn.com/images/carinteriorimages/large/Mahindra/Scorpio/7766/1592546398727/seats-(aerial-view)-53.jpg]
[img.gaadicdn.com/images/carinteriorimages/930x620/Mahindra/Scorpio/7766/1592546398727/door-view-of-driver-seat-51.jpg]
[img.gaadicdn.com/images/carinteriorimages/large/Mahindra/Scorpio/7766/1592546398727/door-view-of-driver-seat-51.jpg]
[img.gaadicdn.com/images/carinteriorimages/930x620/Mahindra/Scorpio/7766/1592546398727/seat-adjustments-control-65.jpg]
[img.gaadicdn.com/images/carinteriorimages/large/Mahindra/Scorpio/7766/1592546398727/seat-adjustments-control-65.jpg]
[img.gaadicdn.com/images/carinteriorimages/930x620/Mahindra/Scorpio/7766/1592546398727/cup-holders-(front)-66.jpg]
[img.gaadicdn.com/images/carinteriorimages/large/Mahindra/Scorpio/7766/1592546398727/cup-holders-(front)-66.jpg]
[img.gaadicdn.com/images/carinteriorimages/930x620/Mahindra/Scorpio/7766/1592546398727/gear-shifter-87.jpg]
[img.gaadicdn.com/images/carinteriorimages/large/Mahindra/Scorpio/7766/1592546398727/gear-shifter-87.jpg]
[img.gaadicdn.com/images/carinteriorimages/930x620/Mahindra/Scorpio/7766/1592546398727/sunglass-holder-149.jpg]
[img.gaadicdn.com/images/carinteriorimages/large/Mahindra/Scorpio/7766/1592546398727/sunglass-holder-149.jpg]
[img.gaadicdn.com/images/carinteriorimages/930x620/Mahindra/Scorpio/7766/1592546398727/headlamp-beam-switches-146.jpg]
[img.gaadicdn.com/images/carinteriorimages/large/Mahindra/Scorpio/7766/1592546398727/headlamp-beam-switches-146.jpg]
[img.gaadicdn.com/images/carinteriorimages/930x620/Mahindra/Scorpio/7766/1592546398727/interior-image-207.jpg]
[img.gaadicdn.com/images/carinteriorimages/large/Mahindra/Scorpio/7766/1592546398727/interior-image-207.jpg]
[img.gaadicdn.com/images/carinteriorimages/930x620/Mahindra/Scorpio/7766/1592546398727/child-seat-201.jpg]
[img.gaadicdn.com/images/carinteriorimages/large/Mahindra/Scorpio/7766/1592546398727/child-seat-201.jpg]
[images.cardekho.com/images/cardekho-hotspot/Mahindra-Bolero/Mahindra-Bolero-40.jpg]
[images.cardekho.com/images/cardekho-hotspot/Mahindra-Bolero/Mahindra-Bolero-41.jpg]
[images.cardekho.com/images/cardekho-hotspot/Mahindra-Bolero/Mahindra-Bolero-42.jpg]
[images.cardekho.com/images/cardekho-hotspot/Mahindra-Bolero/Mahindra-Bolero-43.jpg]
[images.cardekho.com/images/cardekho-hotspot/Mahindra-Bolero/Mahindra-Bolero-45.jpg]
[images.cardekho.com/images/cardekho-hotspot/Mahindra-Bolero/Mahindra-Bolero-46.jpg]
[images.cardekho.com/images/cardekho-hotspot/Mahindra-Bolero/Mahindra-Bolero-48.jpg]
[images.cardekho.com/images/cardekho-hotspot/Mahindra-Bolero/Mahindra-Bolero-49.jpg]
[images.cardekho.com/images/cardekho-hotspot/Mahindra-Bolero/Mahindra-Bolero-50.jpg]
[images.cardekho.com/images/cardekho-hotspot/Mahindra-Bolero/Mahindra-Bolero-51.jpg]
[images.cardekho.com/images/cardekho-hotspot/Mahindra-Bolero/Mahindra-Bolero-52.jpg]
[images.cardekho.com/images/cardekho-hotspot/Mahindra-Bolero/Mahindra-Bolero-53.jpg]
[images.cardekho.com/images/cardekho-hotspot/Mahindra-Bolero/Mahindra-Bolero-54.jpg]
[images.cardekho.com/images/cardekho-hotspot/Mahindra-Bolero/Mahindra-Bolero-55.jpg]
[images.cardekho.com/images/cardekho-hotspot/Mahindra-Bolero/Mahindra-Bolero-56.jpg]
[images.cardekho.com/images/cardekho-hotspot/Mahindra-Bolero/Mahindra-Bolero-57.jpg]
[www.shivamahindra.in/new-cars/mahindra-scorpio/pictures.html]
[www.shivamahindra.in/new-cars/mahindra-scorpio/colors.html]
[www.shivamahindra.in/new-cars/mahindra-scorpio/specification.html]
[www.shivamahindra.in/mahindra-scorpio/mahindra-scorpio-s5.html]
[www.shivamahindra.in/mahindra-scorpio/mahindra-scorpio-s7.html]
[www.shivamahindra.in/mahindra-scorpio/mahindra-scorpio-s9.html]
[www.shivamahindra.in/mahindra-scorpio/mahindra-scorpio-s11.html]
[stimg.cardekho.com/images/carexteriorimages/large/Mahindra/Bolero/7718/1585205722972/front-left-side-47.jpg]
[www.shivamahindra.in/new-cars/mahindra-bolero/price-in-new-delhi.html]
[img.gaadicdn.com/images/carexteriorimages/930x620/Mahindra/Bolero/7718/1585205722972/front-left-side-47.jpg]
[img.gaadicdn.com/images/carexteriorimages/large/Mahindra/Bolero/7718/1585205722972/front-left-side-47.jpg]
[img.gaadicdn.com/images/carexteriorimages/930x620/Mahindra/Bolero/7718/1585206325078/headlight-43.jpg]
[img.gaadicdn.com/images/carexteriorimages/large/Mahindra/Bolero/7718/1585206325078/headlight-43.jpg]
[img.gaadicdn.com/images/carexteriorimages/930x620/Mahindra/Bolero/7718/1585206325078/wheel-42.jpg]
[img.gaadicdn.com/images/carexteriorimages/large/Mahindra/Bolero/7718/1585206325078/wheel-42.jpg]
[img.gaadicdn.com/images/carexteriorimages/930x620/Mahindra/Bolero/7718/1585206325078/front-fog-lamp-41.jpg]
[img.gaadicdn.com/images/carexteriorimages/large/Mahindra/Bolero/7718/1585206325078/front-fog-lamp-41.jpg]
[img.gaadicdn.com/images/carexteriorimages/930x620/Mahindra/Bolero/7718/1585206325078/side-mirror-(body)-93.jpg]
[img.gaadicdn.com/images/carexteriorimages/large/Mahindra/Bolero/7718/1585206325078/side-mirror-(body)-93.jpg]
[img.gaadicdn.com/images/carexteriorimages/930x620/Mahindra/Bolero/7718/1585206325078/exterior-image-164.jpg]
[img.gaadicdn.com/images/carexteriorimages/large/Mahindra/Bolero/7718/1585206325078/exterior-image-164.jpg]
[img.gaadicdn.com/images/carinteriorimages/930x620/Mahindra/Bolero/7718/1585206429150/airbags-94.jpg]
[img.gaadicdn.com/images/carinteriorimages/large/Mahindra/Bolero/7718/1585206429150/airbags-94.jpg]
[img.gaadicdn.com/images/carinteriorimages/930x620/Mahindra/Bolero/7718/1585206429150/seats-(aerial-view)-53.jpg]
[img.gaadicdn.com/images/carinteriorimages/large/Mahindra/Bolero/7718/1585206429150/seats-(aerial-view)-53.jpg]
[www.shivamahindra.in/new-cars/mahindra-bolero/pictures.html]
[www.shivamahindra.in/new-cars/mahindra-bolero/colors.html]
[www.shivamahindra.in/new-cars/mahindra-bolero/specification.html]
[www.shivamahindra.in/mahindra-bolero/mahindra-bolero-b4.html]
[www.shivamahindra.in/mahindra-bolero/mahindra-bolero-b6.html]
[www.shivamahindra.in/mahindra-bolero/mahindra-bolero-b6-opt.html]
[www.shivamahindra.in/faq.html]
[www.shivamahindra.in/offers.html]
[www.shivamahindra.in/career.html]
[mahindraimages.dealersites.in/2/uploads/69533165.jpg]
[mahindraimages.dealersites.in/2/uploads/2125469679.jpg]
[mahindraimages.dealersites.in/2/uploads/258906328.jpg]
[mahindraimages.dealersites.in/2/uploads/1395391328.jpg]
[mahindraimages.dealersites.in/2/uploads/1082920171.jpg]
[mahindraimages.dealersites.in/2/uploads/1598996157.jpg]
[mahindraimages.dealersites.in/2/uploads/814351862.jpg]
[mahindraimages.dealersites.in/2/uploads/2069790190.jpg]
[mahindraimages.dealersites.in/2/uploads/12395598.jpg]
[centraljs.girnarsoft.com/jquery/src/jquery-2.2.3.min.js]
[centraljs.girnarsoft.com/carousel/src/gsp_carousel-1.2.3.js]
[www.shivamahindra.in/mahindramarazzo.html]
[mahindraimages.dealersites.in/134/uploads/1590057518.jpg]
[mahindraimages.dealersites.in/134/uploads/2039952585.jpg]
[mahindraimages.dealersites.in/134/uploads/788705129.jpg]
[mahindraimages.dealersites.in/134/uploads/882176651.jpg]
[mahindraimages.dealersites.in/134/uploads/1744881747.jpg]
[mahindraimages.dealersites.in/134/uploads/1132545718.jpg]
[mahindraimages.dealersites.in/134/uploads/787189109.jpg]
[mahindraimages.dealersites.in/134/uploads/1809699373.jpg]
[www.shivamahindra.in/mahindra-xuv-300-sec-page.html]
[www.shivamahindra.in/new-cars/mahindra-xuv300/price-in-ghaziabad.html]
[www.shivamahindra.in/new-cars/mahindra-xuv300/price-in-bulandshahr.html]
[img.gaadicdn.com/images/carinteriorimages/large/Mahindra/XUV300/7239/1579261933591/gear-shifter-87.jpg]
[www.shivamahindra.in/new-cars/mahindra-alturas-g4/price-in-ghaziabad.html]
[www.shivamahindra.in/new-cars/mahindra-alturas-g4/price-in-bulandshahr.html]
[www.shivamahindra.in/new-cars/mahindra-xuv500/price-in-ghaziabad.html]
[www.shivamahindra.in/new-cars/mahindra-xuv500/price-in-bulandshahr.html]
[www.shivamahindra.in/new-cars/mahindra-scorpio/price-in-ghaziabad.html]
[www.shivamahindra.in/new-cars/mahindra-scorpio/price-in-bulandshahr.html]
[centraljs.girnarsoft.com/carousel/css/gsp_carousel.css]
[www.shivamahindra.in/new-cars/mahindra-kuv100-nxt/price-in-ghaziabad.html]
[www.shivamahindra.in/new-cars/mahindra-bolero/price-in-ghaziabad.html]
