[www.shivamahindra.in/index.html]
[mahindraimages.dealersites.in/134/favicon.png]
[backblue.gif]
[fade.gif]
[index.html]
[static.girnarsoft.com/css/9c70a4a42bcdfaf818f9fa17f83119f96a3cac98.css]
[www.shivamahindra.in/themes/mahindra-rise/css/globalbb35.css]
[www.shivamahindra.in/themes/mahindra-rise/css/redbb35.css]
[www.shivamahindra.in/themes/mahindra-rise/css/mediabb35.css]
[www.shivamahindra.in/themes/mahindra-rise/css/pagebb35.css]
[www.shivamahindra.in/themes/mahindra-rise/css/jquery.mCustomScrollbarbb35.css]
[www.shivamahindra.in/css/commonbb35.css]
[www.shivamahindra.in/phone-popup.html]
[www.shivamahindra.in/themes/mahindra-rise/image/mahindra-logo.png]
[www.shivamahindra.in/new-cars/mahindra-xuv300.html]
[stimg.cardekho.com/images/carexteriorimages/320x224/Mahindra/XUV300/7239/1597229464960/front-left-side-47.jpg]
[www.shivamahindra.in/new-cars/mahindra-alturas-g4.html]
[stimg.cardekho.com/images/carexteriorimages/320x224/Mahindra/Alturas-G4/7795/1591247461677/front-left-side-47.jpg]
[www.shivamahindra.in/new-cars/mahindra-xuv500.html]
[stimg.cardekho.com/images/carexteriorimages/320x224/Mahindra/XUV500/7798/1588161480616/front-left-side-47.jpg]
[www.shivamahindra.in/new-cars/mahindra-kuv100-nxt.html]
[stimg.cardekho.com/images/carexteriorimages/320x224/Mahindra/KUV100-NXT/7789/1587710501104/front-left-side-47.jpg]
[www.shivamahindra.in/new-cars.html]
[www.shivamahindra.in/finance.html]
[www.shivamahindra.in/insurance.html]
[www.shivamahindra.in/bringshowroomhome.html]
[www.shivamahindra.in/booktestdrive.html]
[www.shivamahindra.in/book-service.html]
[www.shivamahindra.in/outlet.html]
[www.shivamahindra.in/about-us.html]
[www.shivamahindra.in/mahindra-alturas.html]
[www.shivamahindra.in/mahindra-xuv-300.html]
[www.shivamahindra.in/mahindraxuv500.html]
[www.shivamahindra.in/mahindra-KUV.html]
[www.shivamahindra.in/TUV-300.html]
[www.shivamahindra.in/upload-resume.html]
[www.shivamahindra.in/themes/mahindra-rise/image/mrise-mobi.jpg]
[www.shivamahindra.in/new-cars/mahindra-scorpio.html]
[www.shivamahindra.in/contact-us.html]
[www.shivamahindra.in/themes/mahindra-rise/image/about_img.jpg]
[www.shivamahindra.in/themes/mahindra-rise/image/transparent.png]
[www.shivamahindra.in/videos.html]
[www.shivamahindra.in/testimonial.html]
[www.shivamahindra.in/themes/mahindra-rise/image/avtar.png]
[www.shivamahindra.in/outlet/showroom.html]
[www.shivamahindra.in/outlet/workshop.html]
[www.shivamahindra.in/new-cars/mahindra-bolero.html]
[www.shivamahindra.in/gallery.html]
[www.shivamahindra.in/terms-and-conditions.html]
[www.shivamahindra.in/privacy.html]
[www.shivamahindra.in/disclaimer.html]
[www.shivamahindra.in/sitemap.html]
[www.shivamahindra.in/themes/mahindra-rise/image/clicktocall.png]
[www.shivamahindra.in/themes/mahindra-rise/image/callclose.png]
[www.shivamahindra.in/themes/mahindra-rise/image/calling-icon.png]
[www.shivamahindra.in/assets-theme/js/youtube491b.js]
[www.shivamahindra.in/index.html]
[www.shivamahindra.in/assets-theme/js/form9e03.js]
[static.girnarsoft.com/js/3366e4fd52016a6390e10f6b725133a1e81dd6bb.js]
[www.shivamahindra.in/assets-theme/js/mahindrariseff74.js]
[static.girnarsoft.com/css/9c70a4a42bcdfaf818f9fa17f83119f96a3cac98.css]
[www.shivamahindra.in/themes/mahindra-rise/css/AjaxLoader.gif]
[www.shivamahindra.in/themes/mahindra-rise/fonts/EurostileLTStd.eot]
[www.shivamahindra.in/themes/mahindra-rise/fonts/EurostileLTStd.woff2]
[www.shivamahindra.in/themes/mahindra-rise/fonts/EurostileLTStd.woff]
[www.shivamahindra.in/themes/mahindra-rise/fonts/EurostileLTStd.ttf]
[www.shivamahindra.in/themes/mahindra-rise/fonts/EurostileLTStd.svg]
[www.shivamahindra.in/themes/mahindra-rise/fonts/EurostileLTStdBold.eot]
[www.shivamahindra.in/themes/mahindra-rise/fonts/EurostileLTStdBold.woff2]
[www.shivamahindra.in/themes/mahindra-rise/fonts/EurostileLTStdBold.woff]
[www.shivamahindra.in/themes/mahindra-rise/fonts/EurostileLTStdBold.ttf]
[www.shivamahindra.in/themes/mahindra-rise/fonts/EurostileLTStdBold.svg]
[www.shivamahindra.in/themes/mahindra-rise/fonts/cheddar_jack-webfont.woff2]
[www.shivamahindra.in/themes/mahindra-rise/fonts/cheddar_jack-webfont.woff]
[www.shivamahindra.in/themes/mahindra-rise/fonts/montserrat-regular-webfont.eot]
[www.shivamahindra.in/themes/mahindra-rise/fonts/montserrat-regular-webfont.woff2]
[www.shivamahindra.in/themes/mahindra-rise/fonts/montserrat-regular-webfontd41d.eot]
[www.shivamahindra.in/themes/mahindra-rise/fonts/montserrat-regular-webfont.woff]
[www.shivamahindra.in/themes/mahindra-rise/fonts/montserrat-regular-webfont.ttf]
[www.shivamahindra.in/themes/mahindra-rise/fonts/girnar_rupee.eot]
[www.shivamahindra.in/themes/mahindra-rise/fonts/girnar_rupeed41d.eot]
[www.shivamahindra.in/themes/mahindra-rise/fonts/girnar_rupee.woff]
[www.shivamahindra.in/themes/mahindra-rise/fonts/girnar_rupee.ttf]
[www.shivamahindra.in/themes/mahindra-rise/image/br_downhover.png]
[www.shivamahindra.in/themes/mahindra-rise/image/br_uparrow.png]
[www.shivamahindra.in/themes/mahindra-rise/image/testibg.png]
[www.shivamahindra.in/themes/mahindra-rise/css/images/ui-bg_flat_75_ffffff_40x100.png]
[www.shivamahindra.in/themes/mahindra-rise/image/outlet-popclose.png]
[www.shivamahindra.in/themes/mahindra-rise/image/outlet-star1.png]
[www.shivamahindra.in/themes/mahindra-rise/image/outlet-star2.png]
[www.shivamahindra.in/themes/mahindra-rise/image/outlet-star3.png]
[www.shivamahindra.in/themes/mahindra-rise/image/ytubeicon2.png]
[www.shivamahindra.in/themes/mahindra-rise/image/ftrbg.jpg]
[www.shivamahindra.in/themes/mahindra-rise/image/newfooter-sprite.png]
[www.shivamahindra.in/themes/mahindra-rise/image/icon-ques.png]
[www.shivamahindra.in/themes/mahindra-rise/image/br_down.png]
[www.shivamahindra.in/themes/mahindra-rise/image/sof-close.png]
[www.shivamahindra.in/themes/mahindra-rise/image/sof-close-white.png]
[www.shivamahindra.in/themes/mahindra-rise/image/newuseddetail-sprite.png]
[www.shivamahindra.in/themes/mahindra-rise/css/globalbb35.css]
[www.shivamahindra.in/themes/mahindra-rise/image/sprite.png]
[www.shivamahindra.in/themes/mahindra-rise/css/redbb35.css]
[www.shivamahindra.in/themes/mahindra-rise/image/logo-bg-shape.png]
[www.shivamahindra.in/themes/mahindra-rise/image/bookservicebg.jpg]
[www.shivamahindra.in/themes/mahindra-rise/image/financebg.jpg]
[www.shivamahindra.in/themes/mahindra-rise/css/mediabb35.css]
[www.shivamahindra.in/themes/mahindra-rise/css/pagebb35.css]
[www.shivamahindra.in/themes/mahindra-rise/css/mCSB_buttons.png]
[www.shivamahindra.in/themes/mahindra-rise/css/jquery.mCustomScrollbarbb35.css]
[www.shivamahindra.in/css/commonbb35.css]
[www.shivamahindra.in/css/ftcbb35.css]
[www.googletagmanager.com/gtm5445.html]
[www.shivamahindra.in/phone-popup.html]
[www.shivamahindra.in/new-cars/mahindra-xuv300/price-in-new-delhi.html]
[www.shivamahindra.in/new-cars/mahindra-xuv300/pictures.html]
[www.shivamahindra.in/new-cars/mahindra-xuv300/colors.html]
[www.shivamahindra.in/new-cars/mahindra-xuv300/specification.html]
[www.shivamahindra.in/new-cars/mahindra-xuv300/expert_review.html]
[www.shivamahindra.in/mahindra-xuv300/mahindra-xuv300-w4-diesel.html]
[www.shivamahindra.in/mahindra-xuv300/mahindra-xuv300-w6-diesel.html]
[www.shivamahindra.in/mahindra-xuv300/mahindra-xuv300-w6-amt-diesel.html]
[www.shivamahindra.in/mahindra-xuv300/mahindra-xuv300-w8-diesel.html]
[www.shivamahindra.in/mahindra-xuv300/mahindra-xuv300-w8-amt-diesel.html]
[www.shivamahindra.in/mahindra-xuv300/mahindra-xuv300-w8-option-diesel.html]
[www.shivamahindra.in/mahindra-xuv300/mahindra-xuv300-w8-amt-optional-diesel.html]
[www.shivamahindra.in/mahindra-xuv300/mahindra-xuv300-w4.html]
[www.shivamahindra.in/mahindra-xuv300/mahindra-xuv300-w6.html]
[www.shivamahindra.in/mahindra-xuv300/mahindra-xuv300-w8.html]
[www.shivamahindra.in/mahindra-xuv300/mahindra-xuv300-w8-option.html]
[www.shivamahindra.in/new-cars/mahindra-xuv300.html]
[www.shivamahindra.in/mahindra-xuv300/mahindra-xuv300-w8-option-dual-tone.html]
[www.shivamahindra.in/new-cars/mahindra-alturas-g4/price-in-new-delhi.html]
[www.shivamahindra.in/new-cars/mahindra-alturas-g4/pictures.html]
[www.shivamahindra.in/new-cars/mahindra-alturas-g4/colors.html]
[www.shivamahindra.in/new-cars/mahindra-alturas-g4/specification.html]
[www.shivamahindra.in/new-cars/mahindra-alturas-g4/expert_review.html]
[www.shivamahindra.in/mahindra-alturas-g4/mahindra-alturas-g4-4x2-at.html]
[www.shivamahindra.in/new-cars/mahindra-alturas-g4.html]
[www.shivamahindra.in/mahindra-alturas-g4/mahindra-alturas-g4-4x4-at.html]
[www.shivamahindra.in/new-cars/mahindra-xuv500/price-in-new-delhi.html]
[www.shivamahindra.in/new-cars/mahindra-xuv500/pictures.html]
[www.shivamahindra.in/new-cars/mahindra-xuv500/colors.html]
[www.shivamahindra.in/new-cars/mahindra-xuv500/specification.html]
[www.shivamahindra.in/mahindra-xuv500/mahindra-xuv500-w5.html]
[www.shivamahindra.in/mahindra-xuv500/mahindra-xuv500-w7.html]
[www.shivamahindra.in/mahindra-xuv500/mahindra-xuv500-w9.html]
[www.shivamahindra.in/new-cars/mahindra-xuv500.html]
[www.shivamahindra.in/mahindra-xuv500/mahindra-xuv500-w11-option.html]
[www.shivamahindra.in/new-cars/mahindra-kuv100-nxt/price-in-new-delhi.html]
[www.shivamahindra.in/new-cars/mahindra-kuv100-nxt/pictures.html]
[www.shivamahindra.in/new-cars/mahindra-kuv100-nxt/colors.html]
[www.shivamahindra.in/new-cars/mahindra-kuv100-nxt/specification.html]
[www.shivamahindra.in/mahindra-kuv100-nxt/mahindra-kuv100-nxt-g80-k2-plus-6-str.html]
[www.shivamahindra.in/mahindra-kuv100-nxt/mahindra-kuv100-nxt-g80-k4-plus-6str.html]
[www.shivamahindra.in/mahindra-kuv100-nxt/mahindra-kuv100-nxt-g80-k6-plus-6str.html]
[www.shivamahindra.in/new-cars/mahindra-kuv100-nxt.html]
[www.shivamahindra.in/mahindra-kuv100-nxt/mahindra-kuv100-nxt-g80-k8-6str.html]
[stimg.cardekho.com/images/carexteriorimages/630x420/Mahindra/XUV300/7239/1597229464960/front-left-side-47.jpg]
[stimg.cardekho.com/images/carexteriorimages/630x420/Mahindra/Alturas-G4/7795/1591247461677/front-left-side-47.jpg]
[stimg.cardekho.com/images/carexteriorimages/630x420/Mahindra/XUV500/7798/1588161480616/front-left-side-47.jpg]
[stimg.cardekho.com/images/carexteriorimages/630x420/Mahindra/KUV100-NXT/7789/1587710501104/front-left-side-47.jpg]
[stimg.cardekho.com/images/carexteriorimages/630x420/Mahindra/Scorpio/7767/1592459774750/front-left-side-47.jpg]
[stimg.cardekho.com/images/carexteriorimages/630x420/Mahindra/Bolero/7718/1585205722972/front-left-side-47.jpg]
[www.shivamahindra.in/new-cars.html]
[www.gstatic.com/charts/loader.js]
[www.shivamahindra.in/finance.html]
[www.shivamahindra.in/js/emicalculatorbb35.js]
[www.shivamahindra.in/css/jquery-ui.min.css]
[www.shivamahindra.in/insurance.html]
[mahindraimages.dealersites.in/2/uploads/15789671.jpg]
[www.shivamahindra.in/themes/mahindra-rise/js/jquery-ui.minbb35.js]
[www.shivamahindra.in/bringshowroomhome.html]
[www.shivamahindra.in/booktestdrive.html]
[www.shivamahindra.in/book-service.html]
[www.shivamahindra.in/outlet/showroom-dilshad-garden-new-delhi.html]
[www.shivamahindra.in/outlet/showroom-opposite--vaishali-metro-station-sahibabad.html]
[www.shivamahindra.in/assets-theme/js/jqueryui5ff5.js]
[www.shivamahindra.in/outlet/showroom-lohia-nagar-ghaziabad.html]
[www.shivamahindra.in/outlet/workshop-behind-shri-ram-piston-co-ghaziabad.html]
[www.shivamahindra.in/outlet/workshop-near-reliance-petrol-pump-hapur.html]
[www.shivamahindra.in/outlet/showroom-garh-road-hapur.html]
[www.shivamahindra.in/outlet/workshop-link-road-police-chowki-ghaziabad.html]
[www.shivamahindra.in/outlet/showroom-loni-ghaziabad.html]
[www.shivamahindra.in/outlet/mahindra-showroom-in-ghaziabad.html]
[www.shivamahindra.in/outlet/mahindra-showroom-in-hapur.html]
[www.shivamahindra.in/outlet/mahindra-showroom-in-new-delhi.html]
[www.shivamahindra.in/outlet/mahindra-showroom-in-sahibabad.html]
[www.shivamahindra.in/outlet/mahindra-workshop-in-ghaziabad.html]
[www.shivamahindra.in/outlet/mahindra-workshop-in-hapur.html]
[www.shivamahindra.in/outlet.html]
[www.shivamahindra.in/about-us.html]
[www.shivamahindra.in/assets-theme/js/googlemap482a.js]
[mahindraimages.dealersites.in/134/uploads/875276007.jpg]
[www.shivamahindra.in/mahindra-alturas.html]
[mahindraimages.dealersites.in/134/uploads/10416351.jpg]
[mahindraimages.dealersites.in/134/uploads/1243019519.jpg]
[www.shivamahindra.in/mahindra-xuv-300.html]
[mahindraimages.dealersites.in/134/uploads/166300225.jpg]
[www.shivamahindra.in/mahindraxuv500.html]
[mahindraimages.dealersites.in/134/uploads/513569582.jpg]
[www.shivamahindra.in/mahindra-KUV.html]
[mahindraimages.dealersites.in/134/uploads/1320362461.jpg]
[www.shivamahindra.in/TUV-300.html]
[www.shivamahindra.in/upload-resume.html]
[www.shivamahindra.in/new-cars/mahindra-scorpio/price-in-new-delhi.html]
[www.shivamahindra.in/new-cars/mahindra-scorpio/pictures.html]
[www.shivamahindra.in/new-cars/mahindra-scorpio/colors.html]
[www.shivamahindra.in/new-cars/mahindra-scorpio/specification.html]
[www.shivamahindra.in/mahindra-scorpio/mahindra-scorpio-s5.html]
[www.shivamahindra.in/mahindra-scorpio/mahindra-scorpio-s7.html]
[www.shivamahindra.in/mahindra-scorpio/mahindra-scorpio-s9.html]
[www.shivamahindra.in/new-cars/mahindra-scorpio.html]
[www.shivamahindra.in/contact-us.html]
[www.shivamahindra.in/videos.html]
[www.shivamahindra.in/mahindra-scorpio/mahindra-scorpio-s11.html]
[www.shivamahindra.in/themes/mahindra-rise/image/tstimg.jpg]
[www.shivamahindra.in/testimonial.html]
[www.shivamahindra.in/outlet/showroom.html]
[www.shivamahindra.in/outlet/workshop.html]
[www.shivamahindra.in/new-cars/mahindra-bolero/price-in-new-delhi.html]
[www.shivamahindra.in/new-cars/mahindra-bolero/pictures.html]
[www.shivamahindra.in/new-cars/mahindra-bolero/colors.html]
[www.shivamahindra.in/new-cars/mahindra-bolero/specification.html]
[www.shivamahindra.in/mahindra-bolero/mahindra-bolero-b4.html]
[www.shivamahindra.in/mahindra-bolero/mahindra-bolero-b6.html]
[www.shivamahindra.in/new-cars/mahindra-bolero.html]
[www.shivamahindra.in/gallery.html]
[www.shivamahindra.in/terms-and-conditions.html]
[www.shivamahindra.in/privacy.html]
[www.shivamahindra.in/disclaimer.html]
[www.shivamahindra.in/mahindra-bolero/mahindra-bolero-b6-opt.html]
[www.shivamahindra.in/faq.html]
[www.shivamahindra.in/offers.html]
[www.shivamahindra.in/career.html]
[www.shivamahindra.in/mahindramarazzo.html]
[www.shivamahindra.in/sitemap.html]
[static.girnarsoft.com/resources/gs_ta-arrow.png]
[www.shivamahindra.in/themes/mahindra-rise/css/AjaxLoader.html]
[www.shivamahindra.in/themes/mahindra-rise/fonts/EurostileLTStd.html]
[www.shivamahindra.in/themes/mahindra-rise/fonts/EurostileLTStdBold.html]
[www.shivamahindra.in/themes/mahindra-rise/fonts/montserrat-regular-webfont.svg]
[www.shivamahindra.in/themes/mahindra-rise/css/images/ui-bg_flat_75_ffffff_40x100.html]
[www.shivamahindra.in/themes/mahindra-rise/image/outlet-popclose.html]
[www.shivamahindra.in/themes/mahindra-rise/image/sof-close.html]
[www.shivamahindra.in/themes/mahindra-rise/image/sof-close-white.html]
[www.shivamahindra.in/themes/mahindra-rise/css/mCSB_buttons.html]
[www.shivamahindra.in/mahindra-xuv-300-sec-page.html]
[stimg.cardekho.com/images/carexteriorimages/large/Mahindra/XUV300/7239/1597229464960/front-left-side-47.jpg]
[www.shivamahindra.in/new-cars/mahindra-xuv300/price-in-ghaziabad.html]
[www.shivamahindra.in/new-cars/mahindra-xuv300/price-in-new-delhi.html]
[www.shivamahindra.in/new-cars/mahindra-xuv300/price-in-bulandshahr.html]
[img.gaadicdn.com/images/carexteriorimages/930x620/Mahindra/XUV300/7239/1579262224275/front-view-118.jpg]
[img.gaadicdn.com/images/carexteriorimages/large/Mahindra/XUV300/7239/1579262224275/front-view-118.jpg]
[img.gaadicdn.com/images/carexteriorimages/930x620/Mahindra/XUV300/7239/1597229464960/front-left-side-47.jpg]
[img.gaadicdn.com/images/carexteriorimages/large/Mahindra/XUV300/7239/1597229464960/front-left-side-47.jpg]
[img.gaadicdn.com/images/carexteriorimages/930x620/Mahindra/XUV300/7242/1597229071487/front-left-side-47.jpg]
[img.gaadicdn.com/images/carexteriorimages/large/Mahindra/XUV300/7242/1597229071487/front-left-side-47.jpg]
[img.gaadicdn.com/images/carexteriorimages/930x620/Mahindra/XUV300/7239/1579262224275/side-view-(left)-90.jpg]
[img.gaadicdn.com/images/carexteriorimages/large/Mahindra/XUV300/7239/1579262224275/side-view-(left)-90.jpg]
[img.gaadicdn.com/images/carexteriorimages/930x620/Mahindra/XUV300/7239/1579262224275/rear-left-view-121.jpg]
[img.gaadicdn.com/images/carexteriorimages/large/Mahindra/XUV300/7239/1579262224275/rear-left-view-121.jpg]
[img.gaadicdn.com/images/carexteriorimages/930x620/Mahindra/XUV300/7239/1579262224275/rear-view-119.jpg]
[img.gaadicdn.com/images/carexteriorimages/large/Mahindra/XUV300/7239/1579262224275/rear-view-119.jpg]
[img.gaadicdn.com/images/carexteriorimages/930x620/Mahindra/XUV300/7239/1579262224275/rear-right-side-48.jpg]
[img.gaadicdn.com/images/carexteriorimages/large/Mahindra/XUV300/7239/1579262224275/rear-right-side-48.jpg]
[img.gaadicdn.com/images/carexteriorimages/930x620/Mahindra/XUV300/7239/1579262224275/side-view-(right)-38.jpg]
[img.gaadicdn.com/images/carexteriorimages/large/Mahindra/XUV300/7239/1579262224275/side-view-(right)-38.jpg]
[img.gaadicdn.com/images/carexteriorimages/930x620/Mahindra/XUV300/7239/1579262224275/headlight-43.jpg]
[img.gaadicdn.com/images/carexteriorimages/large/Mahindra/XUV300/7239/1579262224275/headlight-43.jpg]
[img.gaadicdn.com/images/carexteriorimages/930x620/Mahindra/XUV300/7239/1579262224275/taillight-44.jpg]
[img.gaadicdn.com/images/carexteriorimages/large/Mahindra/XUV300/7239/1579262224275/taillight-44.jpg]
[img.gaadicdn.com/images/carexteriorimages/930x620/Mahindra/XUV300/7239/1579262224275/wheel-42.jpg]
[img.gaadicdn.com/images/carexteriorimages/large/Mahindra/XUV300/7239/1579262224275/wheel-42.jpg]
[img.gaadicdn.com/images/carexteriorimages/930x620/Mahindra/XUV300/7239/1579261874229/front-fog-lamp-41.jpg]
[img.gaadicdn.com/images/carexteriorimages/large/Mahindra/XUV300/7239/1579261874229/front-fog-lamp-41.jpg]
[img.gaadicdn.com/images/carexteriorimages/930x620/Mahindra/XUV300/7239/1579262224275/roof-rails-124.jpg]
[img.gaadicdn.com/images/carexteriorimages/large/Mahindra/XUV300/7239/1579262224275/roof-rails-124.jpg]
[img.gaadicdn.com/images/carexteriorimages/930x620/Mahindra/XUV300/7239/1579262224275/door-handle-45.jpg]
[img.gaadicdn.com/images/carexteriorimages/large/Mahindra/XUV300/7239/1579262224275/door-handle-45.jpg]
[img.gaadicdn.com/images/carexteriorimages/930x620/Mahindra/XUV300/7239/1579262224275/grille-97.jpg]
[img.gaadicdn.com/images/carexteriorimages/large/Mahindra/XUV300/7239/1579262224275/grille-97.jpg]
[img.gaadicdn.com/images/carexteriorimages/930x620/Mahindra/XUV300/7239/1579261874229/front-grill---logo-98.jpg]
[img.gaadicdn.com/images/carexteriorimages/large/Mahindra/XUV300/7239/1579261874229/front-grill---logo-98.jpg]
[img.gaadicdn.com/images/carexteriorimages/930x620/Mahindra/XUV300/7239/1579262224275/side-mirror-(body)-93.jpg]
[img.gaadicdn.com/images/carexteriorimages/large/Mahindra/XUV300/7239/1579262224275/side-mirror-(body)-93.jpg]
[img.gaadicdn.com/images/carexteriorimages/930x620/Mahindra/XUV300/7239/1579261874229/side-mirror-(glass)-92.jpg]
[img.gaadicdn.com/images/carexteriorimages/large/Mahindra/XUV300/7239/1579261874229/side-mirror-(glass)-92.jpg]
[img.gaadicdn.com/images/carexteriorimages/930x620/Mahindra/XUV300/7239/1579261874229/exhaust-pipe-76.jpg]
[img.gaadicdn.com/images/carexteriorimages/large/Mahindra/XUV300/7239/1579261874229/exhaust-pipe-76.jpg]
[img.gaadicdn.com/images/carexteriorimages/930x620/Mahindra/XUV300/7239/1579262224275/antenna-80.jpg]
[img.gaadicdn.com/images/carexteriorimages/large/Mahindra/XUV300/7239/1579262224275/antenna-80.jpg]
[img.gaadicdn.com/images/carexteriorimages/930x620/Mahindra/XUV300/7239/1579262224275/gas-cap-(open)-77.jpg]
[img.gaadicdn.com/images/carexteriorimages/large/Mahindra/XUV300/7239/1579262224275/gas-cap-(open)-77.jpg]
[img.gaadicdn.com/images/carexteriorimages/930x620/Mahindra/XUV300/7239/1579262224275/front-wiper-96.jpg]
[img.gaadicdn.com/images/carexteriorimages/large/Mahindra/XUV300/7239/1579262224275/front-wiper-96.jpg]
[img.gaadicdn.com/images/carexteriorimages/930x620/Mahindra/XUV300/7242/1597229071487/exterior-image-170.jpg]
[img.gaadicdn.com/images/carexteriorimages/large/Mahindra/XUV300/7242/1597229071487/exterior-image-170.jpg]
[img.gaadicdn.com/images/carexteriorimages/930x620/Mahindra/XUV300/7242/1597229071487/exterior-image-180.jpg]
[img.gaadicdn.com/images/carexteriorimages/large/Mahindra/XUV300/7242/1597229071487/exterior-image-180.jpg]
[img.gaadicdn.com/images/carinteriorimages/930x620/Mahindra/XUV300/7239/1579261933591/dashboard-59.jpg]
[img.gaadicdn.com/images/carinteriorimages/large/Mahindra/XUV300/7239/1579261933591/dashboard-59.jpg]
[img.gaadicdn.com/images/carinteriorimages/930x620/Mahindra/XUV300/7239/1579261933591/center-console-55.jpg]
[img.gaadicdn.com/images/carinteriorimages/large/Mahindra/XUV300/7239/1579261933591/center-console-55.jpg]
[img.gaadicdn.com/images/carinteriorimages/930x620/Mahindra/XUV300/7239/1579261933591/ac-controls-151.jpg]
[img.gaadicdn.com/images/carinteriorimages/large/Mahindra/XUV300/7239/1579261933591/ac-controls-151.jpg]
[img.gaadicdn.com/images/carinteriorimages/930x620/Mahindra/XUV300/7239/1579261933591/front-air-vents-144.jpg]
[img.gaadicdn.com/images/carinteriorimages/large/Mahindra/XUV300/7239/1579261933591/front-air-vents-144.jpg]
[img.gaadicdn.com/images/carinteriorimages/930x620/Mahindra/XUV300/7239/1579261933591/steering-wheel-54.jpg]
[img.gaadicdn.com/images/carinteriorimages/large/Mahindra/XUV300/7239/1579261933591/steering-wheel-54.jpg]
[img.gaadicdn.com/images/carinteriorimages/930x620/Mahindra/XUV300/7239/1579261933591/instrument-cluster-62.jpg]
[img.gaadicdn.com/images/carinteriorimages/large/Mahindra/XUV300/7239/1579261933591/instrument-cluster-62.jpg]
[img.gaadicdn.com/images/carinteriorimages/930x620/Mahindra/XUV300/7239/1579261933591/steering-controls-138.jpg]
[img.gaadicdn.com/images/carinteriorimages/large/Mahindra/XUV300/7239/1579261933591/steering-controls-138.jpg]
[img.gaadicdn.com/images/carinteriorimages/930x620/Mahindra/XUV300/7239/1597229544968/airbags-94.jpg]
[img.gaadicdn.com/images/carinteriorimages/large/Mahindra/XUV300/7239/1597229544968/airbags-94.jpg]
[img.gaadicdn.com/images/carinteriorimages/930x620/Mahindra/XUV300/7242/1597228632663/airbags-94.jpg]
[img.gaadicdn.com/images/carinteriorimages/large/Mahindra/XUV300/7242/1597228632663/airbags-94.jpg]
[img.gaadicdn.com/images/carinteriorimages/930x620/Mahindra/XUV300/7239/1579261933591/glovebox-(closed)-129.jpg]
[img.gaadicdn.com/images/carinteriorimages/large/Mahindra/XUV300/7239/1579261933591/glovebox-(closed)-129.jpg]
